[2025-11-25 11:14:14] ray_predict() : 상하한 터치 이벤트 처리시 오류발생
[2025-11-25 11:14:14] 'NoneType' object has no attribute 'get'
[2025-11-25 11:14:20] ray_predict() : 상하한 터치 이벤트 처리시 오류발생
[2025-11-25 11:14:20] while parsing a block mapping
  in "./fastapi/limits.yaml", line 1, column 1
expected <block end>, but found '}'
  in "./fastapi/limits.yaml", line 718, column 1
[2025-11-25 12:08:51] ray_predict() : 상하한 터치 이벤트 처리시 오류발생
[2025-11-25 12:08:51] 'NoneType' object has no attribute 'get'
[2025-11-25 17:31:51] ray_predict() : 상하한 터치 이벤트 처리시 오류발생
[2025-11-25 17:31:51] while parsing a block mapping
  in "./fastapi/limits.yaml", line 1, column 1
expected <block end>, but found '}'
  in "./fastapi/limits.yaml", line 718, column 1
[2025-11-28 15:21:31] ray_predict() : 상하한 터치 이벤트 처리시 오류발생
[2025-11-28 15:21:31] 'NoneType' object has no attribute 'get'
[2025-12-01 17:40:32] ray_predict() : 시퀀스 데이터 부족
[2025-12-01 17:40:33] ray_predict() : 시퀀스 데이터 부족
[2025-12-01 17:40:34] ray_predict() : 시퀀스 데이터 부족
[2025-12-01 17:40:35] ray_predict() : 시퀀스 데이터 부족
[2025-12-01 17:40:36] ray_predict() : 시퀀스 데이터 부족
[2025-12-01 17:40:37] ray_predict() : 시퀀스 데이터 부족
[2025-12-01 17:40:38] ray_predict() : 시퀀스 데이터 부족
[2025-12-01 17:40:39] ray_predict() : 시퀀스 데이터 부족
[2025-12-01 17:40:40] ray_predict() : 시퀀스 데이터 부족
[2025-12-01 17:40:41] ray_predict() : 시퀀스 데이터 부족
[2025-12-01 17:40:42] ray_predict() : 시퀀스 데이터 부족
[2025-12-01 17:40:43] ray_predict() : 시퀀스 데이터 부족
[2025-12-01 17:40:44] ray_predict() : 시퀀스 데이터 부족
[2025-12-01 17:40:45] ray_predict() : 시퀀스 데이터 부족
[2025-12-01 17:40:46] ray_predict() : 시퀀스 데이터 부족
[2025-12-01 17:40:47] ray_predict() : 시퀀스 데이터 부족
[2025-12-01 17:40:48] ray_predict() : 시퀀스 데이터 부족
[2025-12-01 17:40:49] ray_predict() : 시퀀스 데이터 부족
[2025-12-01 17:40:50] ray_predict() : 시퀀스 데이터 부족
[2025-12-01 17:40:51] ray_predict() : 시퀀스 데이터 부족
[2025-12-01 17:40:52] ray_predict() : 시퀀스 데이터 부족
[2025-12-01 17:40:53] ray_predict() : 시퀀스 데이터 부족
[2025-12-01 17:40:54] ray_predict() : 시퀀스 데이터 부족
[2025-12-01 17:40:55] ray_predict() : 시퀀스 데이터 부족
[2025-12-01 17:40:56] ray_predict() : 시퀀스 데이터 부족
[2025-12-01 17:40:57] ray_predict() : 시퀀스 데이터 부족
[2025-12-01 17:40:58] ray_predict() : 시퀀스 데이터 부족
[2025-12-01 17:40:59] ray_predict() : 시퀀스 데이터 부족
[2025-12-01 17:41:00] ray_predict() : 시퀀스 데이터 부족
[2025-12-01 17:41:01] ray_predict() : 시퀀스 데이터 부족
[2025-12-01 17:41:02] ray_predict() : 시퀀스 데이터 부족
[2025-12-01 17:41:03] ray_predict() : 시퀀스 데이터 부족
[2025-12-01 17:41:04] ray_predict() : 시퀀스 데이터 부족
[2025-12-01 17:41:05] ray_predict() : 시퀀스 데이터 부족
[2025-12-01 17:41:06] ray_predict() : 시퀀스 데이터 부족
[2025-12-01 17:41:07] ray_predict() : 시퀀스 데이터 부족
[2025-12-01 17:41:08] ray_predict() : 시퀀스 데이터 부족
[2025-12-01 17:41:09] ray_predict() : 시퀀스 데이터 부족
[2025-12-01 17:41:10] ray_predict() : 시퀀스 데이터 부족
[2025-12-01 17:41:11] ray_predict() : 시퀀스 데이터 부족
[2025-12-01 17:41:12] ray_predict() : 시퀀스 데이터 부족
[2025-12-01 17:41:13] ray_predict() : 시퀀스 데이터 부족
[2025-12-01 17:41:14] ray_predict() : 시퀀스 데이터 부족
[2025-12-01 17:41:15] ray_predict() : 시퀀스 데이터 부족
[2025-12-01 17:41:16] ray_predict() : 시퀀스 데이터 부족
[2025-12-01 17:41:17] ray_predict() : 시퀀스 데이터 부족
[2025-12-01 17:41:18] ray_predict() : 시퀀스 데이터 부족
[2025-12-01 17:41:19] ray_predict() : 시퀀스 데이터 부족
[2025-12-01 17:41:20] ray_predict() : 시퀀스 데이터 부족
[2025-12-01 17:41:21] ray_predict() : 시퀀스 데이터 부족
[2025-12-01 17:41:22] ray_predict() : 시퀀스 데이터 부족
[2025-12-01 17:41:23] ray_predict() : 시퀀스 데이터 부족
[2025-12-01 17:41:24] ray_predict() : 시퀀스 데이터 부족
[2025-12-01 17:41:25] ray_predict() : 시퀀스 데이터 부족
[2025-12-01 17:41:26] ray_predict() : 시퀀스 데이터 부족
[2025-12-01 17:41:27] ray_predict() : 시퀀스 데이터 부족
[2025-12-01 17:41:28] ray_predict() : 시퀀스 데이터 부족
[2025-12-01 17:41:29] ray_predict() : 시퀀스 데이터 부족
[2025-12-01 17:41:30] ray_predict() : 시퀀스 데이터 부족
[2025-12-01 17:41:31] ray_predict() : 시퀀스 데이터 부족
[2025-12-01 17:41:32] ray_predict() : 시퀀스 데이터 부족
[2025-12-01 17:41:33] ray_predict() : 시퀀스 데이터 부족
[2025-12-01 17:41:34] ray_predict() : 시퀀스 데이터 부족
[2025-12-01 17:41:35] ray_predict() : 시퀀스 데이터 부족
[2025-12-01 17:41:36] ray_predict() : 시퀀스 데이터 부족
[2025-12-01 17:41:37] ray_predict() : 시퀀스 데이터 부족
[2025-12-01 17:41:38] ray_predict() : 시퀀스 데이터 부족
[2025-12-01 17:41:39] ray_predict() : 시퀀스 데이터 부족
[2025-12-01 17:41:40] ray_predict() : 시퀀스 데이터 부족
[2025-12-01 17:41:41] ray_predict() : 시퀀스 데이터 부족
[2025-12-01 17:41:42] ray_predict() : 시퀀스 데이터 부족
[2025-12-01 17:41:43] ray_predict() : 시퀀스 데이터 부족
[2025-12-01 17:41:44] ray_predict() : 시퀀스 데이터 부족
[2025-12-01 17:41:45] ray_predict() : 시퀀스 데이터 부족
[2025-12-01 17:41:46] ray_predict() : 시퀀스 데이터 부족
[2025-12-01 17:41:47] ray_predict() : 시퀀스 데이터 부족
[2025-12-01 17:41:48] ray_predict() : 시퀀스 데이터 부족
[2025-12-01 17:41:49] ray_predict() : 시퀀스 데이터 부족
[2025-12-01 17:41:50] ray_predict() : 시퀀스 데이터 부족
[2025-12-01 17:41:52] ray_predict() : 시퀀스 데이터 부족
[2025-12-01 17:41:53] ray_predict() : 시퀀스 데이터 부족
[2025-12-01 17:41:54] ray_predict() : 시퀀스 데이터 부족
[2025-12-01 17:41:55] ray_predict() : 시퀀스 데이터 부족
[2025-12-01 17:41:56] ray_predict() : 시퀀스 데이터 부족
[2025-12-01 17:41:57] ray_predict() : 시퀀스 데이터 부족
[2025-12-01 17:41:58] ray_predict() : 시퀀스 데이터 부족
[2025-12-01 17:41:59] ray_predict() : 시퀀스 데이터 부족
[2025-12-01 17:42:00] ray_predict() : 시퀀스 데이터 부족
[2025-12-01 17:42:01] ray_predict() : 시퀀스 데이터 부족
[2025-12-01 17:42:02] ray_predict() : 시퀀스 데이터 부족
[2025-12-01 17:42:03] ray_predict() : 시퀀스 데이터 부족
[2025-12-01 17:42:04] ray_predict() : 시퀀스 데이터 부족
[2025-12-01 17:42:05] ray_predict() : 시퀀스 데이터 부족
[2025-12-01 17:42:06] ray_predict() : 시퀀스 데이터 부족
[2025-12-01 17:42:07] ray_predict() : 시퀀스 데이터 부족
[2025-12-01 17:42:08] ray_predict() : 시퀀스 데이터 부족
[2025-12-01 17:42:09] ray_predict() : 시퀀스 데이터 부족
[2025-12-01 17:42:10] ray_predict() : 시퀀스 데이터 부족
[2025-12-01 17:42:11] ray_predict() : 시퀀스 데이터 부족
[2025-12-01 17:42:12] ray_predict() : 시퀀스 데이터 부족
[2025-12-01 17:42:13] ray_predict() : 시퀀스 데이터 부족
[2025-12-01 17:42:14] ray_predict() : 시퀀스 데이터 부족
[2025-12-01 17:42:15] ray_predict() : 시퀀스 데이터 부족
[2025-12-01 17:42:16] ray_predict() : 시퀀스 데이터 부족
[2025-12-01 17:42:17] ray_predict() : 시퀀스 데이터 부족
[2025-12-01 17:42:18] ray_predict() : 시퀀스 데이터 부족
[2025-12-01 17:49:25] ray_predict() : 시퀀스 데이터 부족
[2025-12-01 17:49:26] ray_predict() : 시퀀스 데이터 부족
[2025-12-01 17:49:27] ray_predict() : 시퀀스 데이터 부족
[2025-12-01 17:49:28] ray_predict() : 시퀀스 데이터 부족
[2025-12-01 17:49:29] ray_predict() : 시퀀스 데이터 부족
[2025-12-01 17:49:30] ray_predict() : 시퀀스 데이터 부족
[2025-12-01 17:49:31] ray_predict() : 시퀀스 데이터 부족
[2025-12-01 17:49:32] ray_predict() : 시퀀스 데이터 부족
[2025-12-01 17:49:33] ray_predict() : 시퀀스 데이터 부족
[2025-12-01 17:49:34] ray_predict() : 시퀀스 데이터 부족
[2025-12-01 17:49:35] ray_predict() : 시퀀스 데이터 부족
[2025-12-01 17:49:36] ray_predict() : 시퀀스 데이터 부족
[2025-12-01 17:49:37] ray_predict() : 시퀀스 데이터 부족
[2025-12-01 17:49:38] ray_predict() : 시퀀스 데이터 부족
[2025-12-01 17:49:39] ray_predict() : 시퀀스 데이터 부족
[2025-12-01 17:49:40] ray_predict() : 시퀀스 데이터 부족
[2025-12-01 17:49:41] ray_predict() : 시퀀스 데이터 부족
[2025-12-01 17:49:42] ray_predict() : 시퀀스 데이터 부족
[2025-12-01 17:49:43] ray_predict() : 시퀀스 데이터 부족
[2025-12-01 17:49:44] ray_predict() : 시퀀스 데이터 부족
[2025-12-01 17:49:45] ray_predict() : 시퀀스 데이터 부족
[2025-12-01 17:49:46] ray_predict() : 시퀀스 데이터 부족
[2025-12-01 17:49:47] ray_predict() : 시퀀스 데이터 부족
[2025-12-01 17:49:48] ray_predict() : 시퀀스 데이터 부족
[2025-12-01 17:49:49] ray_predict() : 시퀀스 데이터 부족
[2025-12-01 17:49:50] ray_predict() : 시퀀스 데이터 부족
[2025-12-01 17:49:51] ray_predict() : 시퀀스 데이터 부족
[2025-12-01 17:49:52] ray_predict() : 시퀀스 데이터 부족
[2025-12-01 17:49:53] ray_predict() : 시퀀스 데이터 부족
[2025-12-01 17:49:54] ray_predict() : 시퀀스 데이터 부족
[2025-12-01 17:49:55] ray_predict() : 시퀀스 데이터 부족
[2025-12-01 17:49:56] ray_predict() : 시퀀스 데이터 부족
[2025-12-01 17:49:57] ray_predict() : 시퀀스 데이터 부족
[2025-12-01 17:49:58] ray_predict() : 시퀀스 데이터 부족
[2025-12-01 17:49:59] ray_predict() : 시퀀스 데이터 부족
[2025-12-01 17:50:00] ray_predict() : 시퀀스 데이터 부족
[2025-12-01 17:50:01] ray_predict() : 시퀀스 데이터 부족
[2025-12-01 17:50:02] ray_predict() : 시퀀스 데이터 부족
[2025-12-01 17:50:03] ray_predict() : 시퀀스 데이터 부족
[2025-12-01 17:50:04] ray_predict() : 시퀀스 데이터 부족
[2025-12-01 17:50:05] ray_predict() : 시퀀스 데이터 부족
[2025-12-01 17:50:06] ray_predict() : 시퀀스 데이터 부족
[2025-12-01 17:50:07] ray_predict() : 시퀀스 데이터 부족
[2025-12-01 17:50:08] ray_predict() : 시퀀스 데이터 부족
[2025-12-01 17:50:09] ray_predict() : 시퀀스 데이터 부족
[2025-12-01 17:50:10] ray_predict() : 시퀀스 데이터 부족
[2025-12-01 17:50:11] ray_predict() : 시퀀스 데이터 부족
[2025-12-01 17:50:12] ray_predict() : 시퀀스 데이터 부족
[2025-12-01 17:50:13] ray_predict() : 시퀀스 데이터 부족
[2025-12-01 17:50:14] ray_predict() : 시퀀스 데이터 부족
[2025-12-01 17:50:15] ray_predict() : 시퀀스 데이터 부족
[2025-12-01 17:50:16] ray_predict() : 시퀀스 데이터 부족
[2025-12-01 17:50:17] ray_predict() : 시퀀스 데이터 부족
[2025-12-01 17:50:18] ray_predict() : 시퀀스 데이터 부족
[2025-12-01 17:50:19] ray_predict() : 시퀀스 데이터 부족
[2025-12-01 17:50:20] ray_predict() : 시퀀스 데이터 부족
[2025-12-01 17:50:21] ray_predict() : 시퀀스 데이터 부족
[2025-12-01 17:50:22] ray_predict() : 시퀀스 데이터 부족
[2025-12-01 17:50:23] ray_predict() : 시퀀스 데이터 부족
[2025-12-01 17:50:24] ray_predict() : 시퀀스 데이터 부족
[2025-12-01 17:50:25] ray_predict() : 시퀀스 데이터 부족
[2025-12-01 17:50:26] ray_predict() : 시퀀스 데이터 부족
[2025-12-01 17:50:27] ray_predict() : 시퀀스 데이터 부족
[2025-12-01 17:50:28] ray_predict() : 시퀀스 데이터 부족
[2025-12-01 17:50:29] ray_predict() : 시퀀스 데이터 부족
[2025-12-01 17:50:30] ray_predict() : 시퀀스 데이터 부족
[2025-12-01 17:50:31] ray_predict() : 시퀀스 데이터 부족
[2025-12-01 17:50:32] ray_predict() : 시퀀스 데이터 부족
[2025-12-01 17:50:33] ray_predict() : 시퀀스 데이터 부족
[2025-12-01 17:50:34] ray_predict() : 시퀀스 데이터 부족
[2025-12-01 17:50:35] ray_predict() : 시퀀스 데이터 부족
[2025-12-01 17:50:36] ray_predict() : 시퀀스 데이터 부족
[2025-12-01 17:50:37] ray_predict() : 시퀀스 데이터 부족
[2025-12-01 17:50:38] ray_predict() : 시퀀스 데이터 부족
[2025-12-01 17:50:39] ray_predict() : 시퀀스 데이터 부족
[2025-12-01 17:50:40] ray_predict() : 시퀀스 데이터 부족
[2025-12-01 17:50:41] ray_predict() : 시퀀스 데이터 부족
[2025-12-01 17:50:42] ray_predict() : 시퀀스 데이터 부족
[2025-12-01 17:50:43] ray_predict() : 시퀀스 데이터 부족
[2025-12-01 17:50:44] ray_predict() : 시퀀스 데이터 부족
[2025-12-01 17:50:45] ray_predict() : 시퀀스 데이터 부족
[2025-12-01 17:50:46] ray_predict() : 시퀀스 데이터 부족
[2025-12-01 17:50:47] ray_predict() : 시퀀스 데이터 부족
[2025-12-01 17:50:48] ray_predict() : 시퀀스 데이터 부족
[2025-12-01 17:50:49] ray_predict() : 시퀀스 데이터 부족
[2025-12-01 17:50:50] ray_predict() : 시퀀스 데이터 부족
[2025-12-01 17:50:51] ray_predict() : 시퀀스 데이터 부족
[2025-12-01 17:50:52] ray_predict() : 시퀀스 데이터 부족
[2025-12-01 17:50:53] ray_predict() : 시퀀스 데이터 부족
[2025-12-01 17:50:54] ray_predict() : 시퀀스 데이터 부족
[2025-12-01 17:50:55] ray_predict() : 시퀀스 데이터 부족
[2025-12-01 17:50:56] ray_predict() : 시퀀스 데이터 부족
[2025-12-01 17:50:57] ray_predict() : 시퀀스 데이터 부족
[2025-12-01 17:50:58] ray_predict() : 시퀀스 데이터 부족
[2025-12-01 17:50:59] ray_predict() : 시퀀스 데이터 부족
[2025-12-01 17:51:00] ray_predict() : 시퀀스 데이터 부족
[2025-12-01 17:51:01] ray_predict() : 시퀀스 데이터 부족
[2025-12-01 17:51:02] ray_predict() : 시퀀스 데이터 부족
[2025-12-01 17:51:03] ray_predict() : 시퀀스 데이터 부족
[2025-12-01 17:51:04] ray_predict() : 시퀀스 데이터 부족
[2025-12-01 17:51:05] ray_predict() : 시퀀스 데이터 부족
[2025-12-01 17:51:06] ray_predict() : 시퀀스 데이터 부족
[2025-12-01 17:51:07] ray_predict() : 시퀀스 데이터 부족
[2025-12-01 17:51:08] ray_predict() : 시퀀스 데이터 부족
[2025-12-01 17:51:09] ray_predict() : 시퀀스 데이터 부족
[2025-12-01 17:51:10] ray_predict() : 시퀀스 데이터 부족
[2025-12-01 17:51:11] ray_predict() : 시퀀스 데이터 부족
[2025-12-01 17:51:12] ray_predict() : 시퀀스 데이터 부족
[2025-12-01 17:51:13] ray_predict() : 시퀀스 데이터 부족
[2025-12-01 17:51:14] ray_predict() : 시퀀스 데이터 부족
[2025-12-01 17:51:15] ray_predict() : 시퀀스 데이터 부족
[2025-12-01 17:51:16] ray_predict() : 시퀀스 데이터 부족
[2025-12-01 17:51:17] ray_predict() : 시퀀스 데이터 부족
[2025-12-01 17:51:18] ray_predict() : 시퀀스 데이터 부족
[2025-12-01 17:51:19] ray_predict() : 시퀀스 데이터 부족
[2025-12-01 17:51:20] ray_predict() : 시퀀스 데이터 부족
[2025-12-01 17:51:21] ray_predict() : 시퀀스 데이터 부족
[2025-12-01 17:51:22] ray_predict() : 시퀀스 데이터 부족
[2025-12-01 17:51:23] ray_predict() : 시퀀스 데이터 부족
[2025-12-01 17:51:24] ray_predict() : 시퀀스 데이터 부족
[2025-12-01 17:51:25] ray_predict() : 시퀀스 데이터 부족
[2025-12-01 17:51:26] ray_predict() : 시퀀스 데이터 부족
[2025-12-01 17:51:27] ray_predict() : 시퀀스 데이터 부족
[2025-12-01 17:51:28] ray_predict() : 시퀀스 데이터 부족
[2025-12-01 17:51:29] ray_predict() : 시퀀스 데이터 부족
[2025-12-01 17:51:30] ray_predict() : 시퀀스 데이터 부족
[2025-12-01 17:51:31] ray_predict() : 시퀀스 데이터 부족
[2025-12-01 17:51:32] ray_predict() : 시퀀스 데이터 부족
[2025-12-01 17:51:33] ray_predict() : 시퀀스 데이터 부족
[2025-12-01 17:51:34] ray_predict() : 시퀀스 데이터 부족
[2025-12-01 17:51:35] ray_predict() : 시퀀스 데이터 부족
[2025-12-01 17:51:36] ray_predict() : 시퀀스 데이터 부족
[2025-12-01 17:51:37] ray_predict() : 시퀀스 데이터 부족
[2025-12-01 17:51:38] ray_predict() : 시퀀스 데이터 부족
[2025-12-01 17:51:39] ray_predict() : 시퀀스 데이터 부족
[2025-12-01 17:51:40] ray_predict() : 시퀀스 데이터 부족
[2025-12-01 17:51:41] ray_predict() : 시퀀스 데이터 부족
[2025-12-01 17:51:42] ray_predict() : 시퀀스 데이터 부족
[2025-12-01 17:51:43] ray_predict() : 시퀀스 데이터 부족
[2025-12-01 17:51:44] ray_predict() : 시퀀스 데이터 부족
[2025-12-01 17:51:45] ray_predict() : 시퀀스 데이터 부족
[2025-12-01 17:51:46] ray_predict() : 시퀀스 데이터 부족
[2025-12-01 17:51:47] ray_predict() : 시퀀스 데이터 부족
[2025-12-01 17:51:48] ray_predict() : 시퀀스 데이터 부족
[2025-12-01 17:51:49] ray_predict() : 시퀀스 데이터 부족
[2025-12-01 17:51:50] ray_predict() : 시퀀스 데이터 부족
[2025-12-01 17:51:51] ray_predict() : 시퀀스 데이터 부족
[2025-12-01 17:51:52] ray_predict() : 시퀀스 데이터 부족
[2025-12-01 17:51:53] ray_predict() : 시퀀스 데이터 부족
[2025-12-01 17:51:54] ray_predict() : 시퀀스 데이터 부족
[2025-12-01 17:51:55] ray_predict() : 시퀀스 데이터 부족
[2025-12-01 17:51:56] ray_predict() : 시퀀스 데이터 부족
[2025-12-01 17:51:57] ray_predict() : 시퀀스 데이터 부족
[2025-12-01 17:51:58] ray_predict() : 시퀀스 데이터 부족
[2025-12-01 17:51:59] ray_predict() : 시퀀스 데이터 부족
[2025-12-01 17:52:00] ray_predict() : 시퀀스 데이터 부족
[2025-12-01 17:52:01] ray_predict() : 시퀀스 데이터 부족
[2025-12-01 17:52:02] ray_predict() : 시퀀스 데이터 부족
[2025-12-01 17:52:03] ray_predict() : 시퀀스 데이터 부족
[2025-12-01 17:52:04] ray_predict() : 시퀀스 데이터 부족
[2025-12-01 17:52:05] ray_predict() : 시퀀스 데이터 부족
[2025-12-01 17:52:06] ray_predict() : 시퀀스 데이터 부족
[2025-12-01 17:52:07] ray_predict() : 시퀀스 데이터 부족
[2025-12-01 17:52:08] ray_predict() : 시퀀스 데이터 부족
[2025-12-01 17:52:09] ray_predict() : 시퀀스 데이터 부족
[2025-12-01 17:52:10] ray_predict() : 시퀀스 데이터 부족
[2025-12-01 17:57:41] ray_predict() : 시퀀스 데이터 부족
[2025-12-01 17:57:42] ray_predict() : 시퀀스 데이터 부족
[2025-12-01 17:57:43] ray_predict() : 시퀀스 데이터 부족
[2025-12-01 17:57:44] ray_predict() : 시퀀스 데이터 부족
[2025-12-01 17:57:45] ray_predict() : 시퀀스 데이터 부족
[2025-12-01 17:57:46] ray_predict() : 시퀀스 데이터 부족
[2025-12-01 17:57:47] ray_predict() : 시퀀스 데이터 부족
[2025-12-01 17:57:48] ray_predict() : 시퀀스 데이터 부족
[2025-12-01 17:57:49] ray_predict() : 시퀀스 데이터 부족
[2025-12-01 17:57:50] ray_predict() : 시퀀스 데이터 부족
[2025-12-01 17:57:51] ray_predict() : 시퀀스 데이터 부족
[2025-12-01 17:57:52] ray_predict() : 시퀀스 데이터 부족
[2025-12-01 17:57:53] ray_predict() : 시퀀스 데이터 부족
[2025-12-01 17:57:54] ray_predict() : 시퀀스 데이터 부족
[2025-12-01 17:57:55] ray_predict() : 시퀀스 데이터 부족
[2025-12-01 17:57:56] ray_predict() : 시퀀스 데이터 부족
[2025-12-01 17:57:57] ray_predict() : 시퀀스 데이터 부족
[2025-12-01 17:57:58] ray_predict() : 시퀀스 데이터 부족
[2025-12-01 17:57:59] ray_predict() : 시퀀스 데이터 부족
[2025-12-01 17:58:00] ray_predict() : 시퀀스 데이터 부족
[2025-12-01 17:58:01] ray_predict() : 시퀀스 데이터 부족
[2025-12-01 17:58:02] ray_predict() : 시퀀스 데이터 부족
[2025-12-01 17:58:03] ray_predict() : 시퀀스 데이터 부족
[2025-12-01 17:58:04] ray_predict() : 시퀀스 데이터 부족
[2025-12-01 17:58:05] ray_predict() : 시퀀스 데이터 부족
[2025-12-01 17:58:06] ray_predict() : 시퀀스 데이터 부족
[2025-12-01 17:58:07] ray_predict() : 시퀀스 데이터 부족
[2025-12-01 17:58:08] ray_predict() : 시퀀스 데이터 부족
[2025-12-01 17:58:09] ray_predict() : 시퀀스 데이터 부족
[2025-12-01 17:58:10] ray_predict() : 시퀀스 데이터 부족
[2025-12-01 17:58:11] ray_predict() : 시퀀스 데이터 부족
[2025-12-01 17:58:12] ray_predict() : 시퀀스 데이터 부족
[2025-12-01 17:58:13] ray_predict() : 시퀀스 데이터 부족
[2025-12-01 17:58:14] ray_predict() : 시퀀스 데이터 부족
[2025-12-01 17:58:15] ray_predict() : 시퀀스 데이터 부족
[2025-12-01 17:58:16] ray_predict() : 시퀀스 데이터 부족
[2025-12-01 17:58:17] ray_predict() : 시퀀스 데이터 부족
[2025-12-01 17:58:18] ray_predict() : 시퀀스 데이터 부족
[2025-12-01 17:58:19] ray_predict() : 시퀀스 데이터 부족
[2025-12-01 17:58:20] ray_predict() : 시퀀스 데이터 부족
[2025-12-01 17:58:21] ray_predict() : 시퀀스 데이터 부족
[2025-12-05 06:34:12] get_last_raw_times() 오류발생
