[2025-12-21 17:30:36] insert_pred_data() 오래된 데이터 삭제 오류
[2025-12-21 17:30:36] 'NoneType' object is not subscriptable
[2025-12-21 17:30:36] insert_pred_data() 오래된 데이터 삭제 오류
[2025-12-21 17:30:36] 'NoneType' object is not subscriptable
[2025-12-21 17:30:36] insert_pred_data() 오래된 데이터 삭제 오류
[2025-12-21 17:30:36] 'NoneType' object is not subscriptable
[2025-12-21 17:30:36] insert_pred_data() 오래된 데이터 삭제 오류
[2025-12-21 17:30:36] 'NoneType' object is not subscriptable
[2025-12-21 17:30:37] insert_pred_data() 오래된 데이터 삭제 오류
[2025-12-21 17:30:37] 'NoneType' object is not subscriptable
[2025-12-21 18:06:49] ray_predict() : 시퀀스 데이터 부족
[2025-12-21 18:06:50] ray_predict() : 시퀀스 데이터 부족
[2025-12-21 18:06:51] ray_predict() : 시퀀스 데이터 부족
[2025-12-21 18:06:52] ray_predict() : 시퀀스 데이터 부족
[2025-12-21 18:06:53] ray_predict() : 시퀀스 데이터 부족
[2025-12-21 18:06:54] ray_predict() : 시퀀스 데이터 부족
[2025-12-21 18:06:55] ray_predict() : 시퀀스 데이터 부족
[2025-12-21 18:43:14] insert_pred_data() 오래된 데이터 삭제 오류
[2025-12-21 18:43:14] 'NoneType' object is not subscriptable
[2025-12-21 18:43:15] insert_pred_data() 오래된 데이터 삭제 오류
[2025-12-21 18:43:15] 'NoneType' object is not subscriptable
[2025-12-21 18:43:15] insert_pred_data() 오래된 데이터 삭제 오류
[2025-12-21 18:43:15] 'NoneType' object is not subscriptable
[2025-12-21 18:43:15] insert_pred_data() 오래된 데이터 삭제 오류
[2025-12-21 18:43:15] 'NoneType' object is not subscriptable
[2025-12-21 18:43:15] insert_pred_data() 오래된 데이터 삭제 오류
[2025-12-21 18:43:15] 'NoneType' object is not subscriptable
[2025-12-21 19:59:23] insert_pred_data() 오래된 데이터 삭제 오류
[2025-12-21 19:59:23] 'NoneType' object is not subscriptable
[2025-12-21 19:59:23] insert_pred_data() 오래된 데이터 삭제 오류
[2025-12-21 19:59:23] 'NoneType' object is not subscriptable
[2025-12-21 19:59:23] insert_pred_data() 오래된 데이터 삭제 오류
[2025-12-21 19:59:23] 'NoneType' object is not subscriptable
[2025-12-21 19:59:23] insert_pred_data() 오래된 데이터 삭제 오류
[2025-12-21 19:59:23] 'NoneType' object is not subscriptable
[2025-12-21 19:59:24] insert_pred_data() 오래된 데이터 삭제 오류
[2025-12-21 19:59:24] 'NoneType' object is not subscriptable
[2025-12-21 20:04:43] ray_predict() : 시퀀스 데이터 부족
[2025-12-21 20:04:44] ray_predict() : 시퀀스 데이터 부족
[2025-12-21 20:04:46] ray_predict() : 시퀀스 데이터 부족
[2025-12-21 20:04:46] ray_predict() : 시퀀스 데이터 부족
[2025-12-21 20:04:47] ray_predict() : 시퀀스 데이터 부족
[2025-12-21 20:04:48] ray_predict() : 시퀀스 데이터 부족
[2025-12-21 20:04:49] ray_predict() : 시퀀스 데이터 부족
[2025-12-21 20:04:50] ray_predict() : 시퀀스 데이터 부족
[2025-12-21 20:04:51] ray_predict() : 시퀀스 데이터 부족
[2025-12-21 20:04:52] ray_predict() : 시퀀스 데이터 부족
[2025-12-21 20:04:53] ray_predict() : 시퀀스 데이터 부족
[2025-12-21 20:23:10] insert_pred_data() 오래된 데이터 삭제 오류
[2025-12-21 20:23:10] 'NoneType' object is not subscriptable
[2025-12-21 20:23:10] insert_pred_data() 오래된 데이터 삭제 오류
[2025-12-21 20:23:10] 'NoneType' object is not subscriptable
[2025-12-21 20:23:10] insert_pred_data() 오래된 데이터 삭제 오류
[2025-12-21 20:23:10] 'NoneType' object is not subscriptable
[2025-12-21 20:23:10] insert_pred_data() 오래된 데이터 삭제 오류
[2025-12-21 20:23:10] 'NoneType' object is not subscriptable
[2025-12-21 20:23:10] insert_pred_data() 오래된 데이터 삭제 오류
[2025-12-21 20:23:10] 'NoneType' object is not subscriptable
[2025-12-21 21:13:25] insert_pred_data() 오래된 데이터 삭제 오류
[2025-12-21 21:13:25] 'NoneType' object is not subscriptable
[2025-12-21 21:13:25] insert_pred_data() 오래된 데이터 삭제 오류
[2025-12-21 21:13:25] 'NoneType' object is not subscriptable
[2025-12-21 21:13:25] insert_pred_data() 오래된 데이터 삭제 오류
[2025-12-21 21:13:25] 'NoneType' object is not subscriptable
[2025-12-21 21:13:25] insert_pred_data() 오래된 데이터 삭제 오류
[2025-12-21 21:13:25] 'NoneType' object is not subscriptable
[2025-12-21 21:13:26] insert_pred_data() 오래된 데이터 삭제 오류
[2025-12-21 21:13:26] 'NoneType' object is not subscriptable
[2025-12-21 22:50:56] insert_pred_data() 오래된 데이터 삭제 오류
[2025-12-21 22:50:56] 'NoneType' object is not subscriptable
[2025-12-21 22:50:57] insert_pred_data() 오래된 데이터 삭제 오류
[2025-12-21 22:50:57] 'NoneType' object is not subscriptable
[2025-12-21 22:50:57] insert_pred_data() 오래된 데이터 삭제 오류
[2025-12-21 22:50:57] 'NoneType' object is not subscriptable
[2025-12-21 22:50:57] insert_pred_data() 오래된 데이터 삭제 오류
[2025-12-21 22:50:57] 'NoneType' object is not subscriptable
[2025-12-21 22:50:57] insert_pred_data() 오래된 데이터 삭제 오류
[2025-12-21 22:50:57] 'NoneType' object is not subscriptable
[2025-12-21 23:39:39] insert_pred_data() 오래된 데이터 삭제 오류
[2025-12-21 23:39:39] 'NoneType' object is not subscriptable
[2025-12-21 23:39:39] insert_pred_data() 오래된 데이터 삭제 오류
[2025-12-21 23:39:39] 'NoneType' object is not subscriptable
[2025-12-21 23:39:39] insert_pred_data() 오래된 데이터 삭제 오류
[2025-12-21 23:39:39] 'NoneType' object is not subscriptable
[2025-12-21 23:39:39] insert_pred_data() 오래된 데이터 삭제 오류
[2025-12-21 23:39:39] 'NoneType' object is not subscriptable
[2025-12-21 23:39:39] insert_pred_data() 오래된 데이터 삭제 오류
[2025-12-21 23:39:39] 'NoneType' object is not subscriptable
[2025-12-22 01:15:37] insert_pred_data() 오래된 데이터 삭제 오류
[2025-12-22 01:15:37] 'NoneType' object is not subscriptable
[2025-12-22 01:15:37] insert_pred_data() 오래된 데이터 삭제 오류
[2025-12-22 01:15:37] 'NoneType' object is not subscriptable
[2025-12-22 01:15:38] insert_pred_data() 오래된 데이터 삭제 오류
[2025-12-22 01:15:38] 'NoneType' object is not subscriptable
[2025-12-22 01:15:38] insert_pred_data() 오래된 데이터 삭제 오류
[2025-12-22 01:15:38] 'NoneType' object is not subscriptable
[2025-12-22 01:15:38] insert_pred_data() 오래된 데이터 삭제 오류
[2025-12-22 01:15:38] 'NoneType' object is not subscriptable
[2025-12-22 01:40:12] insert_pred_data() 오래된 데이터 삭제 오류
[2025-12-22 01:40:12] 'NoneType' object is not subscriptable
[2025-12-22 01:40:12] insert_pred_data() 오래된 데이터 삭제 오류
[2025-12-22 01:40:12] 'NoneType' object is not subscriptable
[2025-12-22 01:40:12] insert_pred_data() 오래된 데이터 삭제 오류
[2025-12-22 01:40:12] 'NoneType' object is not subscriptable
[2025-12-22 01:40:12] insert_pred_data() 오래된 데이터 삭제 오류
[2025-12-22 01:40:12] 'NoneType' object is not subscriptable
[2025-12-22 01:40:13] insert_pred_data() 오래된 데이터 삭제 오류
[2025-12-22 01:40:13] 'NoneType' object is not subscriptable
[2025-12-22 02:04:55] insert_pred_data() 오래된 데이터 삭제 오류
[2025-12-22 02:04:55] 'NoneType' object is not subscriptable
[2025-12-22 02:04:55] insert_pred_data() 오래된 데이터 삭제 오류
[2025-12-22 02:04:55] 'NoneType' object is not subscriptable
[2025-12-22 02:04:55] insert_pred_data() 오래된 데이터 삭제 오류
[2025-12-22 02:04:55] 'NoneType' object is not subscriptable
[2025-12-22 02:04:55] insert_pred_data() 오래된 데이터 삭제 오류
[2025-12-22 02:04:55] 'NoneType' object is not subscriptable
[2025-12-22 02:04:55] insert_pred_data() 오래된 데이터 삭제 오류
[2025-12-22 02:04:55] 'NoneType' object is not subscriptable
[2025-12-22 03:18:44] insert_pred_data() 오래된 데이터 삭제 오류
[2025-12-22 03:18:44] 'NoneType' object is not subscriptable
[2025-12-22 03:18:44] insert_pred_data() 오래된 데이터 삭제 오류
[2025-12-22 03:18:44] 'NoneType' object is not subscriptable
[2025-12-22 03:18:44] insert_pred_data() 오래된 데이터 삭제 오류
[2025-12-22 03:18:44] 'NoneType' object is not subscriptable
[2025-12-22 03:18:45] insert_pred_data() 오래된 데이터 삭제 오류
[2025-12-22 03:18:45] 'NoneType' object is not subscriptable
[2025-12-22 03:18:45] insert_pred_data() 오래된 데이터 삭제 오류
[2025-12-22 03:18:45] 'NoneType' object is not subscriptable
[2025-12-22 03:43:21] insert_pred_data() 오래된 데이터 삭제 오류
[2025-12-22 03:43:21] 'NoneType' object is not subscriptable
[2025-12-22 03:43:21] insert_pred_data() 오래된 데이터 삭제 오류
[2025-12-22 03:43:21] 'NoneType' object is not subscriptable
[2025-12-22 03:43:21] insert_pred_data() 오래된 데이터 삭제 오류
[2025-12-22 03:43:21] 'NoneType' object is not subscriptable
[2025-12-22 03:43:21] insert_pred_data() 오래된 데이터 삭제 오류
[2025-12-22 03:43:21] 'NoneType' object is not subscriptable
[2025-12-22 03:43:21] insert_pred_data() 오래된 데이터 삭제 오류
[2025-12-22 03:43:21] 'NoneType' object is not subscriptable
[2025-12-22 04:57:14] insert_pred_data() 오래된 데이터 삭제 오류
[2025-12-22 04:57:14] 'NoneType' object is not subscriptable
[2025-12-22 04:57:15] insert_pred_data() 오래된 데이터 삭제 오류
[2025-12-22 04:57:15] 'NoneType' object is not subscriptable
[2025-12-22 04:57:15] insert_pred_data() 오래된 데이터 삭제 오류
[2025-12-22 04:57:15] 'NoneType' object is not subscriptable
[2025-12-22 04:57:15] insert_pred_data() 오래된 데이터 삭제 오류
[2025-12-22 04:57:15] 'NoneType' object is not subscriptable
[2025-12-22 04:57:15] insert_pred_data() 오래된 데이터 삭제 오류
[2025-12-22 04:57:15] 'NoneType' object is not subscriptable
[2025-12-22 06:11:06] insert_pred_data() 오래된 데이터 삭제 오류
[2025-12-22 06:11:06] 'NoneType' object is not subscriptable
[2025-12-22 06:11:06] insert_pred_data() 오래된 데이터 삭제 오류
[2025-12-22 06:11:06] 'NoneType' object is not subscriptable
[2025-12-22 06:11:06] insert_pred_data() 오래된 데이터 삭제 오류
[2025-12-22 06:11:06] 'NoneType' object is not subscriptable
[2025-12-22 06:11:06] insert_pred_data() 오래된 데이터 삭제 오류
[2025-12-22 06:11:06] 'NoneType' object is not subscriptable
[2025-12-22 06:11:07] insert_pred_data() 오래된 데이터 삭제 오류
[2025-12-22 06:11:07] 'NoneType' object is not subscriptable
[2025-12-22 06:35:34] insert_pred_data() 오래된 데이터 삭제 오류
[2025-12-22 06:35:34] 'NoneType' object is not subscriptable
[2025-12-22 06:35:34] insert_pred_data() 오래된 데이터 삭제 오류
[2025-12-22 06:35:34] 'NoneType' object is not subscriptable
[2025-12-22 06:35:34] insert_pred_data() 오래된 데이터 삭제 오류
[2025-12-22 06:35:34] 'NoneType' object is not subscriptable
[2025-12-22 06:35:34] insert_pred_data() 오래된 데이터 삭제 오류
[2025-12-22 06:35:34] 'NoneType' object is not subscriptable
[2025-12-22 06:35:35] insert_pred_data() 오래된 데이터 삭제 오류
[2025-12-22 06:35:35] 'NoneType' object is not subscriptable
[2025-12-22 07:49:30] insert_pred_data() 오래된 데이터 삭제 오류
[2025-12-22 07:49:30] 'NoneType' object is not subscriptable
[2025-12-22 07:49:30] insert_pred_data() 오래된 데이터 삭제 오류
[2025-12-22 07:49:30] 'NoneType' object is not subscriptable
[2025-12-22 07:49:30] insert_pred_data() 오래된 데이터 삭제 오류
[2025-12-22 07:49:30] 'NoneType' object is not subscriptable
[2025-12-22 07:49:30] insert_pred_data() 오래된 데이터 삭제 오류
[2025-12-22 07:49:30] 'NoneType' object is not subscriptable
[2025-12-22 07:49:30] insert_pred_data() 오래된 데이터 삭제 오류
[2025-12-22 07:49:30] 'NoneType' object is not subscriptable
[2025-12-22 09:03:17] insert_pred_data() 오래된 데이터 삭제 오류
[2025-12-22 09:03:17] 'NoneType' object is not subscriptable
[2025-12-22 09:03:18] insert_pred_data() 오래된 데이터 삭제 오류
[2025-12-22 09:03:18] 'NoneType' object is not subscriptable
[2025-12-22 09:03:18] insert_pred_data() 오래된 데이터 삭제 오류
[2025-12-22 09:03:18] 'NoneType' object is not subscriptable
[2025-12-22 09:03:18] insert_pred_data() 오래된 데이터 삭제 오류
[2025-12-22 09:03:18] 'NoneType' object is not subscriptable
[2025-12-22 09:03:18] insert_pred_data() 오래된 데이터 삭제 오류
[2025-12-22 09:03:18] 'NoneType' object is not subscriptable
[2025-12-22 11:06:41] insert_pred_data() 오래된 데이터 삭제 오류
[2025-12-22 11:06:41] 'NoneType' object is not subscriptable
[2025-12-22 11:06:42] insert_pred_data() 오래된 데이터 삭제 오류
[2025-12-22 11:06:42] 'NoneType' object is not subscriptable
[2025-12-22 11:06:42] insert_pred_data() 오래된 데이터 삭제 오류
[2025-12-22 11:06:42] 'NoneType' object is not subscriptable
[2025-12-22 11:06:42] insert_pred_data() 오래된 데이터 삭제 오류
[2025-12-22 11:06:42] 'NoneType' object is not subscriptable
[2025-12-22 11:06:42] insert_pred_data() 오래된 데이터 삭제 오류
[2025-12-22 11:06:42] 'NoneType' object is not subscriptable
[2025-12-22 11:31:29] insert_pred_data() 오래된 데이터 삭제 오류
[2025-12-22 11:31:29] 'NoneType' object is not subscriptable
[2025-12-22 11:31:29] insert_pred_data() 오래된 데이터 삭제 오류
[2025-12-22 11:31:29] 'NoneType' object is not subscriptable
[2025-12-22 11:31:29] insert_pred_data() 오래된 데이터 삭제 오류
[2025-12-22 11:31:29] 'NoneType' object is not subscriptable
[2025-12-22 11:31:29] insert_pred_data() 오래된 데이터 삭제 오류
[2025-12-22 11:31:29] 'NoneType' object is not subscriptable
[2025-12-22 11:31:29] insert_pred_data() 오래된 데이터 삭제 오류
[2025-12-22 11:31:29] 'NoneType' object is not subscriptable
[2025-12-22 13:36:24] insert_pred_data() 오래된 데이터 삭제 오류
[2025-12-22 13:36:24] 'NoneType' object is not subscriptable
[2025-12-22 13:36:24] insert_pred_data() 오래된 데이터 삭제 오류
[2025-12-22 13:36:24] 'NoneType' object is not subscriptable
[2025-12-22 13:36:24] insert_pred_data() 오래된 데이터 삭제 오류
[2025-12-22 13:36:24] 'NoneType' object is not subscriptable
[2025-12-22 13:36:24] insert_pred_data() 오래된 데이터 삭제 오류
[2025-12-22 13:36:24] 'NoneType' object is not subscriptable
[2025-12-22 13:36:25] insert_pred_data() 오래된 데이터 삭제 오류
[2025-12-22 13:36:25] 'NoneType' object is not subscriptable
[2025-12-22 14:26:29] insert_pred_data() 오래된 데이터 삭제 오류
[2025-12-22 14:26:29] 'NoneType' object is not subscriptable
[2025-12-22 14:26:29] insert_pred_data() 오래된 데이터 삭제 오류
[2025-12-22 14:26:29] 'NoneType' object is not subscriptable
[2025-12-22 14:26:30] insert_pred_data() 오래된 데이터 삭제 오류
[2025-12-22 14:26:30] 'NoneType' object is not subscriptable
[2025-12-22 14:26:30] insert_pred_data() 오래된 데이터 삭제 오류
[2025-12-22 14:26:30] 'NoneType' object is not subscriptable
[2025-12-22 14:26:30] insert_pred_data() 오래된 데이터 삭제 오류
[2025-12-22 14:26:30] 'NoneType' object is not subscriptable
[2025-12-22 14:51:27] insert_pred_data() 오래된 데이터 삭제 오류
[2025-12-22 14:51:27] 'NoneType' object is not subscriptable
[2025-12-22 14:51:28] insert_pred_data() 오래된 데이터 삭제 오류
[2025-12-22 14:51:28] 'NoneType' object is not subscriptable
[2025-12-22 14:51:28] insert_pred_data() 오래된 데이터 삭제 오류
[2025-12-22 14:51:28] 'NoneType' object is not subscriptable
[2025-12-22 14:51:28] insert_pred_data() 오래된 데이터 삭제 오류
[2025-12-22 14:51:28] 'NoneType' object is not subscriptable
[2025-12-22 14:51:28] insert_pred_data() 오래된 데이터 삭제 오류
[2025-12-22 14:51:28] 'NoneType' object is not subscriptable
[2025-12-22 15:16:28] insert_pred_data() 오래된 데이터 삭제 오류
[2025-12-22 15:16:28] 'NoneType' object is not subscriptable
[2025-12-22 15:16:29] insert_pred_data() 오래된 데이터 삭제 오류
[2025-12-22 15:16:29] 'NoneType' object is not subscriptable
[2025-12-22 15:16:29] insert_pred_data() 오래된 데이터 삭제 오류
[2025-12-22 15:16:29] 'NoneType' object is not subscriptable
[2025-12-22 15:16:29] insert_pred_data() 오래된 데이터 삭제 오류
[2025-12-22 15:16:29] 'NoneType' object is not subscriptable
[2025-12-22 15:16:29] insert_pred_data() 오래된 데이터 삭제 오류
[2025-12-22 15:16:29] 'NoneType' object is not subscriptable
[2025-12-22 16:10:46] ray_predict() : 시퀀스 데이터 부족
[2025-12-22 16:10:48] ray_predict() : 시퀀스 데이터 부족
[2025-12-22 16:10:50] ray_predict() : 시퀀스 데이터 부족
[2025-12-22 16:10:52] ray_predict() : 시퀀스 데이터 부족
[2025-12-22 16:10:54] ray_predict() : 시퀀스 데이터 부족
[2025-12-22 16:10:56] ray_predict() : 시퀀스 데이터 부족
[2025-12-22 16:10:59] ray_predict() : 시퀀스 데이터 부족
[2025-12-22 16:11:02] ray_predict() : 시퀀스 데이터 부족
[2025-12-22 16:11:03] ray_predict() : 시퀀스 데이터 부족
[2025-12-22 16:11:11] ray_predict() : 시퀀스 데이터 부족
[2025-12-22 16:11:12] ray_predict() : 시퀀스 데이터 부족
[2025-12-22 16:11:13] ray_predict() : 시퀀스 데이터 부족
[2025-12-22 16:11:14] ray_predict() : 시퀀스 데이터 부족
[2025-12-22 16:11:15] ray_predict() : 시퀀스 데이터 부족
[2025-12-22 16:11:16] ray_predict() : 시퀀스 데이터 부족
[2025-12-22 16:11:17] ray_predict() : 시퀀스 데이터 부족
[2025-12-22 16:11:19] ray_predict() : 시퀀스 데이터 부족
[2025-12-22 16:11:20] ray_predict() : 시퀀스 데이터 부족
[2025-12-22 16:11:21] ray_predict() : 시퀀스 데이터 부족
[2025-12-22 16:11:27] ray_predict() : 시퀀스 데이터 부족
[2025-12-22 16:11:33] ray_predict() : 시퀀스 데이터 부족
[2025-12-22 16:11:43] ray_predict() : 시퀀스 데이터 부족
[2025-12-22 16:11:44] ray_predict() : 시퀀스 데이터 부족
[2025-12-22 16:11:48] ray_predict() : 시퀀스 데이터 부족
[2025-12-22 16:11:57] ray_predict() : 시퀀스 데이터 부족
[2025-12-22 16:11:58] ray_predict() : 시퀀스 데이터 부족
[2025-12-22 16:12:07] ray_predict() : 시퀀스 데이터 부족
[2025-12-22 16:12:14] ray_predict() : 시퀀스 데이터 부족
[2025-12-22 16:12:26] ray_predict() : 시퀀스 데이터 부족
[2025-12-22 16:12:33] ray_predict() : 시퀀스 데이터 부족
[2025-12-22 16:12:34] ray_predict() : 시퀀스 데이터 부족
[2025-12-22 16:12:42] ray_predict() : 시퀀스 데이터 부족
[2025-12-22 16:12:48] ray_predict() : 시퀀스 데이터 부족
[2025-12-22 16:12:55] ray_predict() : 시퀀스 데이터 부족
[2025-12-22 16:13:06] ray_predict() : 시퀀스 데이터 부족
[2025-12-22 16:13:12] ray_predict() : 시퀀스 데이터 부족
[2025-12-22 16:13:13] ray_predict() : 시퀀스 데이터 부족
[2025-12-22 16:13:17] ray_predict() : 시퀀스 데이터 부족
[2025-12-22 16:13:19] ray_predict() : 시퀀스 데이터 부족
[2025-12-22 16:13:21] ray_predict() : 시퀀스 데이터 부족
[2025-12-22 16:13:22] ray_predict() : 시퀀스 데이터 부족
[2025-12-22 16:13:23] ray_predict() : 시퀀스 데이터 부족
[2025-12-22 16:13:24] ray_predict() : 시퀀스 데이터 부족
[2025-12-22 16:13:25] ray_predict() : 시퀀스 데이터 부족
[2025-12-22 16:13:26] ray_predict() : 시퀀스 데이터 부족
[2025-12-22 16:13:27] ray_predict() : 시퀀스 데이터 부족
[2025-12-22 16:13:28] ray_predict() : 시퀀스 데이터 부족
[2025-12-22 16:13:29] ray_predict() : 시퀀스 데이터 부족
[2025-12-22 16:13:30] ray_predict() : 시퀀스 데이터 부족
[2025-12-22 16:13:31] ray_predict() : 시퀀스 데이터 부족
[2025-12-22 16:13:32] ray_predict() : 시퀀스 데이터 부족
[2025-12-22 16:13:33] ray_predict() : 시퀀스 데이터 부족
[2025-12-22 16:13:34] ray_predict() : 시퀀스 데이터 부족
[2025-12-22 16:13:35] ray_predict() : 시퀀스 데이터 부족
[2025-12-22 16:13:36] ray_predict() : 시퀀스 데이터 부족
[2025-12-22 16:13:37] ray_predict() : 시퀀스 데이터 부족
[2025-12-22 16:13:38] ray_predict() : 시퀀스 데이터 부족
[2025-12-22 16:13:39] ray_predict() : 시퀀스 데이터 부족
[2025-12-22 16:13:40] ray_predict() : 시퀀스 데이터 부족
[2025-12-22 16:13:41] ray_predict() : 시퀀스 데이터 부족
[2025-12-22 16:13:42] ray_predict() : 시퀀스 데이터 부족
[2025-12-22 16:13:43] ray_predict() : 시퀀스 데이터 부족
[2025-12-22 16:13:44] ray_predict() : 시퀀스 데이터 부족
[2025-12-22 16:13:45] ray_predict() : 시퀀스 데이터 부족
[2025-12-22 16:13:46] ray_predict() : 시퀀스 데이터 부족
[2025-12-22 16:13:47] ray_predict() : 시퀀스 데이터 부족
[2025-12-22 16:13:48] ray_predict() : 시퀀스 데이터 부족
[2025-12-22 16:13:49] ray_predict() : 시퀀스 데이터 부족
[2025-12-22 16:13:50] ray_predict() : 시퀀스 데이터 부족
[2025-12-22 16:13:51] ray_predict() : 시퀀스 데이터 부족
[2025-12-22 16:13:52] ray_predict() : 시퀀스 데이터 부족
[2025-12-22 16:13:53] ray_predict() : 시퀀스 데이터 부족
[2025-12-22 16:13:54] ray_predict() : 시퀀스 데이터 부족
[2025-12-22 16:13:55] ray_predict() : 시퀀스 데이터 부족
[2025-12-22 16:13:56] ray_predict() : 시퀀스 데이터 부족
[2025-12-22 16:13:57] ray_predict() : 시퀀스 데이터 부족
[2025-12-22 16:13:58] ray_predict() : 시퀀스 데이터 부족
[2025-12-22 16:13:59] ray_predict() : 시퀀스 데이터 부족
[2025-12-22 16:14:00] ray_predict() : 시퀀스 데이터 부족
[2025-12-22 16:14:01] ray_predict() : 시퀀스 데이터 부족
[2025-12-22 16:14:02] ray_predict() : 시퀀스 데이터 부족
[2025-12-22 16:14:03] ray_predict() : 시퀀스 데이터 부족
[2025-12-22 16:14:04] ray_predict() : 시퀀스 데이터 부족
[2025-12-22 16:14:05] ray_predict() : 시퀀스 데이터 부족
[2025-12-22 16:14:06] ray_predict() : 시퀀스 데이터 부족
[2025-12-22 16:14:07] ray_predict() : 시퀀스 데이터 부족
[2025-12-22 16:14:08] ray_predict() : 시퀀스 데이터 부족
[2025-12-22 16:14:09] ray_predict() : 시퀀스 데이터 부족
[2025-12-22 16:14:10] ray_predict() : 시퀀스 데이터 부족
[2025-12-22 16:14:11] ray_predict() : 시퀀스 데이터 부족
[2025-12-22 16:14:12] ray_predict() : 시퀀스 데이터 부족
[2025-12-22 16:14:13] ray_predict() : 시퀀스 데이터 부족
[2025-12-22 16:14:14] ray_predict() : 시퀀스 데이터 부족
[2025-12-22 16:14:15] ray_predict() : 시퀀스 데이터 부족
[2025-12-22 16:14:16] ray_predict() : 시퀀스 데이터 부족
[2025-12-22 16:14:17] ray_predict() : 시퀀스 데이터 부족
[2025-12-22 16:14:18] ray_predict() : 시퀀스 데이터 부족
[2025-12-22 16:14:19] ray_predict() : 시퀀스 데이터 부족
[2025-12-22 16:14:20] ray_predict() : 시퀀스 데이터 부족
[2025-12-22 16:14:21] ray_predict() : 시퀀스 데이터 부족
[2025-12-22 16:14:22] ray_predict() : 시퀀스 데이터 부족
[2025-12-22 16:14:23] ray_predict() : 시퀀스 데이터 부족
[2025-12-22 16:14:24] ray_predict() : 시퀀스 데이터 부족
[2025-12-22 16:14:25] ray_predict() : 시퀀스 데이터 부족
[2025-12-22 16:14:26] ray_predict() : 시퀀스 데이터 부족
[2025-12-22 16:14:27] ray_predict() : 시퀀스 데이터 부족
[2025-12-22 16:14:28] ray_predict() : 시퀀스 데이터 부족
[2025-12-22 16:14:29] ray_predict() : 시퀀스 데이터 부족
[2025-12-22 16:14:30] ray_predict() : 시퀀스 데이터 부족
[2025-12-22 16:14:31] ray_predict() : 시퀀스 데이터 부족
[2025-12-22 16:14:32] ray_predict() : 시퀀스 데이터 부족
[2025-12-22 16:14:33] ray_predict() : 시퀀스 데이터 부족
[2025-12-22 16:14:34] ray_predict() : 시퀀스 데이터 부족
[2025-12-22 16:14:35] ray_predict() : 시퀀스 데이터 부족
[2025-12-22 16:14:36] ray_predict() : 시퀀스 데이터 부족
[2025-12-22 16:14:37] ray_predict() : 시퀀스 데이터 부족
[2025-12-22 16:14:38] ray_predict() : 시퀀스 데이터 부족
[2025-12-22 16:14:39] ray_predict() : 시퀀스 데이터 부족
[2025-12-22 16:14:40] ray_predict() : 시퀀스 데이터 부족
[2025-12-22 16:14:41] ray_predict() : 시퀀스 데이터 부족
[2025-12-22 16:14:42] ray_predict() : 시퀀스 데이터 부족
[2025-12-22 16:14:43] ray_predict() : 시퀀스 데이터 부족
[2025-12-22 16:14:44] ray_predict() : 시퀀스 데이터 부족
[2025-12-22 16:14:46] ray_predict() : 시퀀스 데이터 부족
[2025-12-22 16:14:46] ray_predict() : 시퀀스 데이터 부족
[2025-12-22 16:14:47] ray_predict() : 시퀀스 데이터 부족
[2025-12-22 16:14:49] ray_predict() : 시퀀스 데이터 부족
[2025-12-22 16:14:50] ray_predict() : 시퀀스 데이터 부족
[2025-12-22 16:14:51] ray_predict() : 시퀀스 데이터 부족
[2025-12-22 16:14:52] ray_predict() : 시퀀스 데이터 부족
[2025-12-22 16:14:55] ray_predict() : 시퀀스 데이터 부족
[2025-12-22 16:14:56] ray_predict() : 시퀀스 데이터 부족
[2025-12-22 16:14:57] ray_predict() : 시퀀스 데이터 부족
[2025-12-22 16:15:00] ray_predict() : 시퀀스 데이터 부족
[2025-12-22 16:15:01] ray_predict() : 시퀀스 데이터 부족
[2025-12-22 16:15:02] ray_predict() : 시퀀스 데이터 부족
[2025-12-22 16:15:06] ray_predict() : 시퀀스 데이터 부족
[2025-12-22 16:15:11] ray_predict() : 시퀀스 데이터 부족
[2025-12-22 16:15:12] ray_predict() : 시퀀스 데이터 부족
[2025-12-22 16:15:13] ray_predict() : 시퀀스 데이터 부족
[2025-12-22 16:15:14] ray_predict() : 시퀀스 데이터 부족
[2025-12-22 16:15:15] ray_predict() : 시퀀스 데이터 부족
[2025-12-22 16:15:21] ray_predict() : 시퀀스 데이터 부족
[2025-12-22 16:15:22] ray_predict() : 시퀀스 데이터 부족
[2025-12-22 16:15:23] ray_predict() : 시퀀스 데이터 부족
[2025-12-22 16:15:25] ray_predict() : 시퀀스 데이터 부족
[2025-12-22 16:15:29] ray_predict() : 시퀀스 데이터 부족
[2025-12-22 16:15:31] ray_predict() : 시퀀스 데이터 부족
[2025-12-22 16:15:31] ray_predict() : 시퀀스 데이터 부족
[2025-12-22 16:15:37] ray_predict() : 시퀀스 데이터 부족
[2025-12-22 16:15:57] ray_predict() : 시퀀스 데이터 부족
[2025-12-22 16:15:58] ray_predict() : 시퀀스 데이터 부족
[2025-12-22 16:16:19] ray_predict() : 시퀀스 데이터 부족
[2025-12-22 16:16:20] ray_predict() : 시퀀스 데이터 부족
[2025-12-22 17:57:48] insert_pred_data() 오래된 데이터 삭제 오류
[2025-12-22 17:57:48] 'NoneType' object is not subscriptable
[2025-12-22 17:57:48] insert_pred_data() 오래된 데이터 삭제 오류
[2025-12-22 17:57:48] 'NoneType' object is not subscriptable
[2025-12-22 17:57:48] insert_pred_data() 오래된 데이터 삭제 오류
[2025-12-22 17:57:48] 'NoneType' object is not subscriptable
[2025-12-22 17:57:48] insert_pred_data() 오래된 데이터 삭제 오류
[2025-12-22 17:57:48] 'NoneType' object is not subscriptable
[2025-12-22 17:57:48] insert_pred_data() 오래된 데이터 삭제 오류
[2025-12-22 17:57:48] 'NoneType' object is not subscriptable
[2025-12-22 18:47:51] insert_pred_data() 오래된 데이터 삭제 오류
[2025-12-22 18:47:51] 'NoneType' object is not subscriptable
[2025-12-22 18:47:51] insert_pred_data() 오래된 데이터 삭제 오류
[2025-12-22 18:47:51] 'NoneType' object is not subscriptable
[2025-12-22 18:47:51] insert_pred_data() 오래된 데이터 삭제 오류
[2025-12-22 18:47:51] 'NoneType' object is not subscriptable
[2025-12-22 18:47:52] insert_pred_data() 오래된 데이터 삭제 오류
[2025-12-22 18:47:52] 'NoneType' object is not subscriptable
[2025-12-22 18:47:52] insert_pred_data() 오래된 데이터 삭제 오류
[2025-12-22 18:47:52] 'NoneType' object is not subscriptable
[2025-12-22 20:02:54] insert_pred_data() 오래된 데이터 삭제 오류
[2025-12-22 20:02:54] 'NoneType' object is not subscriptable
[2025-12-22 20:02:54] insert_pred_data() 오래된 데이터 삭제 오류
[2025-12-22 20:02:54] 'NoneType' object is not subscriptable
[2025-12-22 20:02:54] insert_pred_data() 오래된 데이터 삭제 오류
[2025-12-22 20:02:54] 'NoneType' object is not subscriptable
[2025-12-22 20:02:54] insert_pred_data() 오래된 데이터 삭제 오류
[2025-12-22 20:02:54] 'NoneType' object is not subscriptable
[2025-12-22 20:02:54] insert_pred_data() 오래된 데이터 삭제 오류
[2025-12-22 20:02:54] 'NoneType' object is not subscriptable
[2025-12-22 20:52:45] insert_pred_data() 오래된 데이터 삭제 오류
[2025-12-22 20:52:45] 'NoneType' object is not subscriptable
[2025-12-22 20:52:46] insert_pred_data() 오래된 데이터 삭제 오류
[2025-12-22 20:52:46] 'NoneType' object is not subscriptable
[2025-12-22 20:52:46] insert_pred_data() 오래된 데이터 삭제 오류
[2025-12-22 20:52:46] 'NoneType' object is not subscriptable
[2025-12-22 20:52:46] insert_pred_data() 오래된 데이터 삭제 오류
[2025-12-22 20:52:46] 'NoneType' object is not subscriptable
[2025-12-22 20:52:46] insert_pred_data() 오래된 데이터 삭제 오류
[2025-12-22 20:52:46] 'NoneType' object is not subscriptable
[2025-12-22 21:42:53] insert_pred_data() 오래된 데이터 삭제 오류
[2025-12-22 21:42:53] 'NoneType' object is not subscriptable
[2025-12-22 21:42:53] insert_pred_data() 오래된 데이터 삭제 오류
[2025-12-22 21:42:53] 'NoneType' object is not subscriptable
[2025-12-22 21:42:53] insert_pred_data() 오래된 데이터 삭제 오류
[2025-12-22 21:42:53] 'NoneType' object is not subscriptable
[2025-12-22 21:42:54] insert_pred_data() 오래된 데이터 삭제 오류
[2025-12-22 21:42:54] 'NoneType' object is not subscriptable
[2025-12-22 21:42:54] insert_pred_data() 오래된 데이터 삭제 오류
[2025-12-22 21:42:54] 'NoneType' object is not subscriptable
[2025-12-22 22:07:54] insert_pred_data() 오래된 데이터 삭제 오류
[2025-12-22 22:07:54] 'NoneType' object is not subscriptable
[2025-12-22 22:07:54] insert_pred_data() 오래된 데이터 삭제 오류
[2025-12-22 22:07:54] 'NoneType' object is not subscriptable
[2025-12-22 22:07:55] insert_pred_data() 오래된 데이터 삭제 오류
[2025-12-22 22:07:55] 'NoneType' object is not subscriptable
[2025-12-22 22:07:55] insert_pred_data() 오래된 데이터 삭제 오류
[2025-12-22 22:07:55] 'NoneType' object is not subscriptable
[2025-12-22 22:07:55] insert_pred_data() 오래된 데이터 삭제 오류
[2025-12-22 22:07:55] 'NoneType' object is not subscriptable
[2025-12-22 22:32:58] insert_pred_data() 오래된 데이터 삭제 오류
[2025-12-22 22:32:58] 'NoneType' object is not subscriptable
[2025-12-22 22:32:58] insert_pred_data() 오래된 데이터 삭제 오류
[2025-12-22 22:32:58] 'NoneType' object is not subscriptable
[2025-12-22 22:32:58] insert_pred_data() 오래된 데이터 삭제 오류
[2025-12-22 22:32:58] 'NoneType' object is not subscriptable
[2025-12-22 22:32:58] insert_pred_data() 오래된 데이터 삭제 오류
[2025-12-22 22:32:58] 'NoneType' object is not subscriptable
[2025-12-22 22:32:58] insert_pred_data() 오래된 데이터 삭제 오류
[2025-12-22 22:32:58] 'NoneType' object is not subscriptable
[2025-12-22 23:47:55] insert_pred_data() 오래된 데이터 삭제 오류
[2025-12-22 23:47:55] 'NoneType' object is not subscriptable
[2025-12-22 23:47:55] insert_pred_data() 오래된 데이터 삭제 오류
[2025-12-22 23:47:55] 'NoneType' object is not subscriptable
[2025-12-22 23:47:55] insert_pred_data() 오래된 데이터 삭제 오류
[2025-12-22 23:47:55] 'NoneType' object is not subscriptable
[2025-12-22 23:47:55] insert_pred_data() 오래된 데이터 삭제 오류
[2025-12-22 23:47:55] 'NoneType' object is not subscriptable
[2025-12-22 23:47:55] insert_pred_data() 오래된 데이터 삭제 오류
[2025-12-22 23:47:55] 'NoneType' object is not subscriptable
[2025-12-23 00:12:59] insert_pred_data() 오래된 데이터 삭제 오류
[2025-12-23 00:12:59] 'NoneType' object is not subscriptable
[2025-12-23 00:13:00] insert_pred_data() 오래된 데이터 삭제 오류
[2025-12-23 00:13:00] 'NoneType' object is not subscriptable
[2025-12-23 00:13:00] insert_pred_data() 오래된 데이터 삭제 오류
[2025-12-23 00:13:00] 'NoneType' object is not subscriptable
[2025-12-23 00:13:00] insert_pred_data() 오래된 데이터 삭제 오류
[2025-12-23 00:13:00] 'NoneType' object is not subscriptable
[2025-12-23 00:13:00] insert_pred_data() 오래된 데이터 삭제 오류
[2025-12-23 00:13:00] 'NoneType' object is not subscriptable
[2025-12-23 03:32:35] insert_pred_data() 오래된 데이터 삭제 오류
[2025-12-23 03:32:35] 'NoneType' object is not subscriptable
[2025-12-23 03:32:35] insert_pred_data() 오래된 데이터 삭제 오류
[2025-12-23 03:32:35] 'NoneType' object is not subscriptable
[2025-12-23 03:32:36] insert_pred_data() 오래된 데이터 삭제 오류
[2025-12-23 03:32:36] 'NoneType' object is not subscriptable
[2025-12-23 03:32:36] insert_pred_data() 오래된 데이터 삭제 오류
[2025-12-23 03:32:36] 'NoneType' object is not subscriptable
[2025-12-23 03:32:36] insert_pred_data() 오래된 데이터 삭제 오류
[2025-12-23 03:32:36] 'NoneType' object is not subscriptable
[2025-12-23 05:12:37] insert_pred_data() 오래된 데이터 삭제 오류
[2025-12-23 05:12:37] 'NoneType' object is not subscriptable
[2025-12-23 05:12:37] insert_pred_data() 오래된 데이터 삭제 오류
[2025-12-23 05:12:37] 'NoneType' object is not subscriptable
[2025-12-23 05:12:37] insert_pred_data() 오래된 데이터 삭제 오류
[2025-12-23 05:12:37] 'NoneType' object is not subscriptable
[2025-12-23 05:12:37] insert_pred_data() 오래된 데이터 삭제 오류
[2025-12-23 05:12:37] 'NoneType' object is not subscriptable
[2025-12-23 05:12:37] insert_pred_data() 오래된 데이터 삭제 오류
[2025-12-23 05:12:37] 'NoneType' object is not subscriptable
[2025-12-23 05:37:33] insert_pred_data() 오래된 데이터 삭제 오류
[2025-12-23 05:37:33] 'NoneType' object is not subscriptable
[2025-12-23 05:37:33] insert_pred_data() 오래된 데이터 삭제 오류
[2025-12-23 05:37:33] 'NoneType' object is not subscriptable
[2025-12-23 05:37:33] insert_pred_data() 오래된 데이터 삭제 오류
[2025-12-23 05:37:33] 'NoneType' object is not subscriptable
[2025-12-23 05:37:33] insert_pred_data() 오래된 데이터 삭제 오류
[2025-12-23 05:37:33] 'NoneType' object is not subscriptable
[2025-12-23 05:37:34] insert_pred_data() 오래된 데이터 삭제 오류
[2025-12-23 05:37:34] 'NoneType' object is not subscriptable
[2025-12-23 08:07:32] insert_pred_data() 오래된 데이터 삭제 오류
[2025-12-23 08:07:32] 'NoneType' object is not subscriptable
[2025-12-23 08:07:32] insert_pred_data() 오래된 데이터 삭제 오류
[2025-12-23 08:07:32] 'NoneType' object is not subscriptable
[2025-12-23 08:07:32] insert_pred_data() 오래된 데이터 삭제 오류
[2025-12-23 08:07:32] 'NoneType' object is not subscriptable
[2025-12-23 08:07:32] insert_pred_data() 오래된 데이터 삭제 오류
[2025-12-23 08:07:32] 'NoneType' object is not subscriptable
[2025-12-23 08:07:33] insert_pred_data() 오래된 데이터 삭제 오류
[2025-12-23 08:07:33] 'NoneType' object is not subscriptable
[2025-12-23 09:22:44] insert_pred_data() 오래된 데이터 삭제 오류
[2025-12-23 09:22:44] 'NoneType' object is not subscriptable
[2025-12-23 09:22:44] insert_pred_data() 오래된 데이터 삭제 오류
[2025-12-23 09:22:44] 'NoneType' object is not subscriptable
[2025-12-23 09:22:44] insert_pred_data() 오래된 데이터 삭제 오류
[2025-12-23 09:22:44] 'NoneType' object is not subscriptable
[2025-12-23 09:22:44] insert_pred_data() 오래된 데이터 삭제 오류
[2025-12-23 09:22:44] 'NoneType' object is not subscriptable
[2025-12-23 09:22:45] insert_pred_data() 오래된 데이터 삭제 오류
[2025-12-23 09:22:45] 'NoneType' object is not subscriptable
[2025-12-23 10:12:54] insert_pred_data() 오래된 데이터 삭제 오류
[2025-12-23 10:12:54] 'NoneType' object is not subscriptable
[2025-12-23 10:12:55] insert_pred_data() 오래된 데이터 삭제 오류
[2025-12-23 10:12:55] 'NoneType' object is not subscriptable
[2025-12-23 10:12:55] insert_pred_data() 오래된 데이터 삭제 오류
[2025-12-23 10:12:55] 'NoneType' object is not subscriptable
[2025-12-23 10:12:55] insert_pred_data() 오래된 데이터 삭제 오류
[2025-12-23 10:12:55] 'NoneType' object is not subscriptable
[2025-12-23 10:12:55] insert_pred_data() 오래된 데이터 삭제 오류
[2025-12-23 10:12:55] 'NoneType' object is not subscriptable
[2025-12-23 13:30:36] insert_pred_data() 오래된 데이터 삭제 오류
[2025-12-23 13:30:36] 'NoneType' object is not subscriptable
[2025-12-23 13:30:37] insert_pred_data() 오래된 데이터 삭제 오류
[2025-12-23 13:30:37] 'NoneType' object is not subscriptable
[2025-12-23 13:30:37] insert_pred_data() 오래된 데이터 삭제 오류
[2025-12-23 13:30:37] 'NoneType' object is not subscriptable
[2025-12-23 13:30:37] insert_pred_data() 오래된 데이터 삭제 오류
[2025-12-23 13:30:37] 'NoneType' object is not subscriptable
[2025-12-23 13:30:37] insert_pred_data() 오래된 데이터 삭제 오류
[2025-12-23 13:30:37] 'NoneType' object is not subscriptable
[2025-12-23 15:34:54] insert_pred_data() 오래된 데이터 삭제 오류
[2025-12-23 15:34:54] 'NoneType' object is not subscriptable
[2025-12-23 15:34:54] insert_pred_data() 오래된 데이터 삭제 오류
[2025-12-23 15:34:54] 'NoneType' object is not subscriptable
[2025-12-23 15:34:54] insert_pred_data() 오래된 데이터 삭제 오류
[2025-12-23 15:34:54] 'NoneType' object is not subscriptable
[2025-12-23 15:34:54] insert_pred_data() 오래된 데이터 삭제 오류
[2025-12-23 15:34:54] 'NoneType' object is not subscriptable
[2025-12-23 15:34:54] insert_pred_data() 오래된 데이터 삭제 오류
[2025-12-23 15:34:54] 'NoneType' object is not subscriptable
[2025-12-23 15:44:20] ray_predict() : 상하한 터치 이벤트 처리시 오류발생
[2025-12-23 15:44:20] while parsing a block mapping
  in "./fastapi/limits.yaml", line 1, column 1
expected <block end>, but found '}'
  in "./fastapi/limits.yaml", line 718, column 1
[2025-12-23 15:44:25] ray_predict() : 상하한 터치 이벤트 처리시 오류발생
[2025-12-23 15:44:25] while parsing a block mapping
  in "./fastapi/limits.yaml", line 1, column 1
expected <block end>, but found '}'
  in "./fastapi/limits.yaml", line 718, column 1
[2025-12-23 15:45:46] ray_predict() : 상하한 터치 이벤트 처리시 오류발생
[2025-12-23 15:45:46] while parsing a block mapping
  in "./fastapi/limits.yaml", line 1, column 1
expected <block end>, but found '}'
  in "./fastapi/limits.yaml", line 718, column 1
