[2025-12-08 18:29:12] Starting abnormal monitor (backend diff detection)
[2025-12-08 18:29:12] [WARN] actual fetch 실패 param=MFC7_DCS, table=rawdata20251208, since=2025-12-08 18:29:02.470673+09:00: column "PPExecStepStepID" does not exist
LINE 4:                                "PPExecStepStepID",
                                       ^

[2025-12-08 18:29:12] [WARN] actual fetch 실패 param=MFC8_NH3, table=rawdata20251208, since=2025-12-08 18:29:02.470673+09:00: column "PPExecStepStepID" does not exist
LINE 4:                                "PPExecStepStepID",
                                       ^

[2025-12-08 18:29:12] [WARN] actual fetch 실패 param=MFC1_N2-1, table=rawdata20251208, since=2025-12-08 18:29:02.470673+09:00: column "PPExecStepStepID" does not exist
LINE 4:                                "PPExecStepStepID",
                                       ^

[2025-12-08 18:29:12] [WARN] actual fetch 실패 param=MFC2_N2-2, table=rawdata20251208, since=2025-12-08 18:29:02.470673+09:00: column "PPExecStepStepID" does not exist
LINE 4:                                "PPExecStepStepID",
                                       ^

[2025-12-08 18:29:12] [WARN] actual fetch 실패 param=MFC3_N2-3, table=rawdata20251208, since=2025-12-08 18:29:02.470673+09:00: column "PPExecStepStepID" does not exist
LINE 4:                                "PPExecStepStepID",
                                       ^

[2025-12-08 18:29:12] [WARN] actual fetch 실패 param=MFC4_N2-4, table=rawdata20251208, since=2025-12-08 18:29:02.470673+09:00: column "PPExecStepStepID" does not exist
LINE 4:                                "PPExecStepStepID",
                                       ^

[2025-12-08 18:29:13] [WARN] actual fetch 실패 param=MFC7_DCS, table=rawdata20251208, since=2025-12-08 18:29:03.473371+09:00: column "PPExecStepStepID" does not exist
LINE 4:                                "PPExecStepStepID",
                                       ^

[2025-12-08 18:29:13] [WARN] actual fetch 실패 param=MFC8_NH3, table=rawdata20251208, since=2025-12-08 18:29:03.473371+09:00: column "PPExecStepStepID" does not exist
LINE 4:                                "PPExecStepStepID",
                                       ^

[2025-12-08 18:29:13] [WARN] actual fetch 실패 param=MFC1_N2-1, table=rawdata20251208, since=2025-12-08 18:29:03.473371+09:00: column "PPExecStepStepID" does not exist
LINE 4:                                "PPExecStepStepID",
                                       ^

[2025-12-08 18:29:13] [WARN] actual fetch 실패 param=MFC2_N2-2, table=rawdata20251208, since=2025-12-08 18:29:03.473371+09:00: column "PPExecStepStepID" does not exist
LINE 4:                                "PPExecStepStepID",
                                       ^

[2025-12-08 18:29:13] [WARN] actual fetch 실패 param=MFC3_N2-3, table=rawdata20251208, since=2025-12-08 18:29:03.473371+09:00: column "PPExecStepStepID" does not exist
LINE 4:                                "PPExecStepStepID",
                                       ^

[2025-12-08 18:29:13] [WARN] actual fetch 실패 param=MFC4_N2-4, table=rawdata20251208, since=2025-12-08 18:29:03.473371+09:00: column "PPExecStepStepID" does not exist
LINE 4:                                "PPExecStepStepID",
                                       ^

[2025-12-08 18:29:14] [WARN] actual fetch 실패 param=MFC7_DCS, table=rawdata20251208, since=2025-12-08 18:29:04.483373+09:00: column "PPExecStepStepID" does not exist
LINE 4:                                "PPExecStepStepID",
                                       ^

[2025-12-08 18:29:14] [WARN] actual fetch 실패 param=MFC8_NH3, table=rawdata20251208, since=2025-12-08 18:29:04.483373+09:00: column "PPExecStepStepID" does not exist
LINE 4:                                "PPExecStepStepID",
                                       ^

[2025-12-08 18:29:14] [WARN] actual fetch 실패 param=MFC1_N2-1, table=rawdata20251208, since=2025-12-08 18:29:04.483373+09:00: column "PPExecStepStepID" does not exist
LINE 4:                                "PPExecStepStepID",
                                       ^

[2025-12-08 18:29:14] [WARN] actual fetch 실패 param=MFC2_N2-2, table=rawdata20251208, since=2025-12-08 18:29:04.483373+09:00: column "PPExecStepStepID" does not exist
LINE 4:                                "PPExecStepStepID",
                                       ^

[2025-12-08 18:29:14] [WARN] actual fetch 실패 param=MFC3_N2-3, table=rawdata20251208, since=2025-12-08 18:29:04.483373+09:00: column "PPExecStepStepID" does not exist
LINE 4:                                "PPExecStepStepID",
                                       ^

[2025-12-08 18:29:14] [WARN] actual fetch 실패 param=MFC4_N2-4, table=rawdata20251208, since=2025-12-08 18:29:04.483373+09:00: column "PPExecStepStepID" does not exist
LINE 4:                                "PPExecStepStepID",
                                       ^

[2025-12-08 18:29:15] Monitor stopped
