[2025-12-08 18:32:39] Starting abnormal monitor (backend diff detection)
[2025-12-08 18:32:39] MFC7_DCS | 실제값: [2025-12-08 18:32:30] [0.0] | 예측값: [2025-12-08 18:32:30] [0.0001113202] | diff_abs: 0.0001, diff_pct: 0.01% | 정상
[2025-12-08 18:32:39] MFC7_DCS | 실제값: [2025-12-08 18:32:32] [0.0] | 예측값: [2025-12-08 18:32:32] [9.098235e-05] | diff_abs: 0.0001, diff_pct: 0.01% | 정상
[2025-12-08 18:32:39] MFC7_DCS | 실제값: [2025-12-08 18:32:33] [0.0] | 예측값: [2025-12-08 18:32:33] [-1.8276596e-05] | diff_abs: 0.0000, diff_pct: 0.00% | 정상
[2025-12-08 18:32:39] MFC7_DCS | 실제값: [2025-12-08 18:32:34] [0.0] | 예측값: [2025-12-08 18:32:34] [0.0006229585] | diff_abs: 0.0006, diff_pct: 0.06% | 정상
[2025-12-08 18:32:39] MFC7_DCS | 실제값: [2025-12-08 18:32:35] [0.0] | 예측값: [2025-12-08 18:32:35] [-0.000116591415] | diff_abs: 0.0001, diff_pct: 0.01% | 정상
[2025-12-08 18:32:39] MFC7_DCS | 실제값: [2025-12-08 18:32:36] [0.0] | 예측값: [2025-12-08 18:32:36] [-4.0073664e-05] | diff_abs: 0.0000, diff_pct: 0.00% | 정상
[2025-12-08 18:32:39] MFC7_DCS | 실제값: [2025-12-08 18:32:37] [0.0] | 예측값: [2025-12-08 18:32:37] [3.1063213e-05] | diff_abs: 0.0000, diff_pct: 0.00% | 정상
[2025-12-08 18:32:39] MFC7_DCS | 실제값: [2025-12-08 18:32:38] [0.0] | 예측값: [2025-12-08 18:32:38] [0.00014223739] | diff_abs: 0.0001, diff_pct: 0.01% | 정상
[2025-12-08 18:32:39] MFC8_NH3 | 실제값: [2025-12-08 18:32:30] [0.0] | 예측값: [2025-12-08 18:32:30] [-0.009671267] | diff_abs: 0.0097, diff_pct: 0.97% | 정상
[2025-12-08 18:32:39] MFC8_NH3 | 실제값: [2025-12-08 18:32:32] [0.0] | 예측값: [2025-12-08 18:32:32] [-0.0070964457] | diff_abs: 0.0071, diff_pct: 0.71% | 정상
[2025-12-08 18:32:39] MFC8_NH3 | 실제값: [2025-12-08 18:32:33] [0.0] | 예측값: [2025-12-08 18:32:33] [-0.0034277553] | diff_abs: 0.0034, diff_pct: 0.34% | 정상
[2025-12-08 18:32:39] MFC8_NH3 | 실제값: [2025-12-08 18:32:34] [0.0] | 예측값: [2025-12-08 18:32:34] [-0.0052763796] | diff_abs: 0.0053, diff_pct: 0.53% | 정상
[2025-12-08 18:32:39] MFC8_NH3 | 실제값: [2025-12-08 18:32:35] [0.0] | 예측값: [2025-12-08 18:32:35] [-0.013960699] | diff_abs: 0.0140, diff_pct: 1.40% | 정상
[2025-12-08 18:32:39] MFC8_NH3 | 실제값: [2025-12-08 18:32:36] [0.0] | 예측값: [2025-12-08 18:32:36] [-0.0033574104] | diff_abs: 0.0034, diff_pct: 0.34% | 정상
[2025-12-08 18:32:39] MFC8_NH3 | 실제값: [2025-12-08 18:32:37] [0.0] | 예측값: [2025-12-08 18:32:37] [-0.009157094] | diff_abs: 0.0092, diff_pct: 0.92% | 정상
[2025-12-08 18:32:39] MFC8_NH3 | 실제값: [2025-12-08 18:32:38] [0.0] | 예측값: [2025-12-08 18:32:38] [-0.0132495845] | diff_abs: 0.0132, diff_pct: 1.32% | 정상
[2025-12-08 18:32:39] MFC1_N2-1 | 실제값: [2025-12-08 18:32:30] [1.392] | 예측값: [2025-12-08 18:32:30] [1.0440899] | diff_abs: 0.3479, diff_pct: 24.99% | 이상
[2025-12-08 18:32:39] MFC1_N2-1 | 실제값: [2025-12-08 18:32:32] [0.996] | 예측값: [2025-12-08 18:32:32] [0.99444926] | diff_abs: 0.0016, diff_pct: 0.16% | 정상
[2025-12-08 18:32:39] MFC1_N2-1 | 실제값: [2025-12-08 18:32:33] [0.999] | 예측값: [2025-12-08 18:32:33] [0.98569995] | diff_abs: 0.0133, diff_pct: 1.33% | 정상
[2025-12-08 18:32:39] MFC1_N2-1 | 실제값: [2025-12-08 18:32:34] [0.999] | 예측값: [2025-12-08 18:32:34] [0.9829292] | diff_abs: 0.0161, diff_pct: 1.61% | 정상
[2025-12-08 18:32:39] MFC1_N2-1 | 실제값: [2025-12-08 18:32:35] [0.894] | 예측값: [2025-12-08 18:32:35] [0.8375114] | diff_abs: 0.0565, diff_pct: 6.32% | 정상
[2025-12-08 18:32:39] MFC1_N2-1 | 실제값: [2025-12-08 18:32:36] [0.592] | 예측값: [2025-12-08 18:32:36] [0.5313522] | diff_abs: 0.0606, diff_pct: 10.24% | 정상
[2025-12-08 18:32:39] MFC1_N2-1 | 실제값: [2025-12-08 18:32:37] [0.293] | 예측값: [2025-12-08 18:32:37] [0.21752752] | diff_abs: 0.0755, diff_pct: 25.76% | 정상
[2025-12-08 18:32:39] MFC1_N2-1 | 실제값: [2025-12-08 18:32:38] [0.243] | 예측값: [2025-12-08 18:32:38] [0.24390644] | diff_abs: 0.0009, diff_pct: 0.37% | 정상
[2025-12-08 18:32:39] MFC2_N2-2 | 실제값: [2025-12-08 18:32:30] [0.0] | 예측값: [2025-12-08 18:32:30] [0.006637047] | diff_abs: 0.0066, diff_pct: 0.66% | 정상
[2025-12-08 18:32:39] MFC2_N2-2 | 실제값: [2025-12-08 18:32:32] [0.0] | 예측값: [2025-12-08 18:32:32] [0.008940131] | diff_abs: 0.0089, diff_pct: 0.89% | 정상
[2025-12-08 18:32:39] MFC2_N2-2 | 실제값: [2025-12-08 18:32:33] [0.0] | 예측값: [2025-12-08 18:32:33] [0.008670703] | diff_abs: 0.0087, diff_pct: 0.87% | 정상
[2025-12-08 18:32:39] MFC2_N2-2 | 실제값: [2025-12-08 18:32:34] [0.0] | 예측값: [2025-12-08 18:32:34] [0.008445739] | diff_abs: 0.0084, diff_pct: 0.84% | 정상
[2025-12-08 18:32:39] MFC2_N2-2 | 실제값: [2025-12-08 18:32:35] [0.0] | 예측값: [2025-12-08 18:32:35] [0.009540421] | diff_abs: 0.0095, diff_pct: 0.95% | 정상
[2025-12-08 18:32:39] MFC2_N2-2 | 실제값: [2025-12-08 18:32:36] [0.0] | 예측값: [2025-12-08 18:32:36] [0.011738149] | diff_abs: 0.0117, diff_pct: 1.17% | 정상
[2025-12-08 18:32:39] MFC2_N2-2 | 실제값: [2025-12-08 18:32:37] [0.0] | 예측값: [2025-12-08 18:32:37] [0.010964722] | diff_abs: 0.0110, diff_pct: 1.10% | 정상
[2025-12-08 18:32:39] MFC2_N2-2 | 실제값: [2025-12-08 18:32:38] [0.0] | 예측값: [2025-12-08 18:32:38] [0.010057356] | diff_abs: 0.0101, diff_pct: 1.01% | 정상
[2025-12-08 18:32:39] MFC3_N2-3 | 실제값: [2025-12-08 18:32:30] [0.0] | 예측값: [2025-12-08 18:32:30] [0.013820125] | diff_abs: 0.0138, diff_pct: 1.38% | 정상
[2025-12-08 18:32:39] MFC3_N2-3 | 실제값: [2025-12-08 18:32:32] [0.274] | 예측값: [2025-12-08 18:32:32] [0.46522823] | diff_abs: 0.1912, diff_pct: 69.79% | 이상
[2025-12-08 18:32:39] MFC3_N2-3 | 실제값: [2025-12-08 18:32:33] [0.996] | 예측값: [2025-12-08 18:32:33] [0.98229814] | diff_abs: 0.0137, diff_pct: 1.38% | 정상
[2025-12-08 18:32:39] MFC3_N2-3 | 실제값: [2025-12-08 18:32:34] [0.996] | 예측값: [2025-12-08 18:32:34] [0.9840848] | diff_abs: 0.0119, diff_pct: 1.20% | 정상
[2025-12-08 18:32:39] MFC3_N2-3 | 실제값: [2025-12-08 18:32:35] [0.996] | 예측값: [2025-12-08 18:32:35] [0.9738391] | diff_abs: 0.0222, diff_pct: 2.22% | 정상
[2025-12-08 18:32:39] MFC3_N2-3 | 실제값: [2025-12-08 18:32:36] [0.996] | 예측값: [2025-12-08 18:32:36] [0.9880049] | diff_abs: 0.0080, diff_pct: 0.80% | 정상
[2025-12-08 18:32:39] MFC3_N2-3 | 실제값: [2025-12-08 18:32:37] [0.996] | 예측값: [2025-12-08 18:32:37] [0.98522866] | diff_abs: 0.0108, diff_pct: 1.08% | 정상
[2025-12-08 18:32:39] MFC3_N2-3 | 실제값: [2025-12-08 18:32:38] [0.996] | 예측값: [2025-12-08 18:32:38] [0.9915173] | diff_abs: 0.0045, diff_pct: 0.45% | 정상
[2025-12-08 18:32:39] MFC4_N2-4 | 실제값: [2025-12-08 18:32:30] [0.12] | 예측값: [2025-12-08 18:32:30] [0.45630437] | diff_abs: 0.3363, diff_pct: 280.25% | 이상
[2025-12-08 18:32:39] MFC4_N2-4 | 실제값: [2025-12-08 18:32:32] [0.501] | 예측값: [2025-12-08 18:32:32] [0.50294995] | diff_abs: 0.0019, diff_pct: 0.39% | 정상
[2025-12-08 18:32:39] MFC4_N2-4 | 실제값: [2025-12-08 18:32:33] [0.501] | 예측값: [2025-12-08 18:32:33] [0.49961752] | diff_abs: 0.0014, diff_pct: 0.28% | 정상
[2025-12-08 18:32:39] MFC4_N2-4 | 실제값: [2025-12-08 18:32:34] [0.501] | 예측값: [2025-12-08 18:32:34] [0.50162935] | diff_abs: 0.0006, diff_pct: 0.13% | 정상
[2025-12-08 18:32:39] MFC4_N2-4 | 실제값: [2025-12-08 18:32:35] [0.501] | 예측값: [2025-12-08 18:32:35] [0.5011802] | diff_abs: 0.0002, diff_pct: 0.04% | 정상
[2025-12-08 18:32:39] MFC4_N2-4 | 실제값: [2025-12-08 18:32:36] [0.501] | 예측값: [2025-12-08 18:32:36] [0.49787503] | diff_abs: 0.0031, diff_pct: 0.62% | 정상
[2025-12-08 18:32:39] MFC4_N2-4 | 실제값: [2025-12-08 18:32:37] [0.501] | 예측값: [2025-12-08 18:32:37] [0.49902755] | diff_abs: 0.0020, diff_pct: 0.39% | 정상
[2025-12-08 18:32:39] MFC4_N2-4 | 실제값: [2025-12-08 18:32:38] [0.501] | 예측값: [2025-12-08 18:32:38] [0.5000773] | diff_abs: 0.0009, diff_pct: 0.18% | 정상
[2025-12-08 18:32:40] MFC7_DCS | 실제값: [2025-12-08 18:32:38] [0.0] | 예측값: [2025-12-08 18:32:38] [0.00014223739] | diff_abs: 0.0001, diff_pct: 0.01% | 정상
[2025-12-08 18:32:40] MFC7_DCS | 실제값: [2025-12-08 18:32:39] [0.0] | 예측값: [2025-12-08 18:32:39] [0.0005178036] | diff_abs: 0.0005, diff_pct: 0.05% | 정상
[2025-12-08 18:32:40] MFC8_NH3 | 실제값: [2025-12-08 18:32:38] [0.0] | 예측값: [2025-12-08 18:32:38] [-0.0132495845] | diff_abs: 0.0132, diff_pct: 1.32% | 정상
[2025-12-08 18:32:40] MFC8_NH3 | 실제값: [2025-12-08 18:32:39] [0.0] | 예측값: [2025-12-08 18:32:39] [-0.009791682] | diff_abs: 0.0098, diff_pct: 0.98% | 정상
[2025-12-08 18:32:40] MFC1_N2-1 | 실제값: [2025-12-08 18:32:38] [0.243] | 예측값: [2025-12-08 18:32:38] [0.24390644] | diff_abs: 0.0009, diff_pct: 0.37% | 정상
[2025-12-08 18:32:40] MFC1_N2-1 | 실제값: [2025-12-08 18:32:39] [0.542] | 예측값: [2025-12-08 18:32:39] [0.5905462] | diff_abs: 0.0485, diff_pct: 8.96% | 정상
[2025-12-08 18:32:40] MFC2_N2-2 | 실제값: [2025-12-08 18:32:38] [0.0] | 예측값: [2025-12-08 18:32:38] [0.010057356] | diff_abs: 0.0101, diff_pct: 1.01% | 정상
[2025-12-08 18:32:40] MFC2_N2-2 | 실제값: [2025-12-08 18:32:39] [0.0] | 예측값: [2025-12-08 18:32:39] [0.007848703] | diff_abs: 0.0078, diff_pct: 0.78% | 정상
[2025-12-08 18:32:40] MFC3_N2-3 | 실제값: [2025-12-08 18:32:38] [0.996] | 예측값: [2025-12-08 18:32:38] [0.9915173] | diff_abs: 0.0045, diff_pct: 0.45% | 정상
[2025-12-08 18:32:40] MFC3_N2-3 | 실제값: [2025-12-08 18:32:39] [0.996] | 예측값: [2025-12-08 18:32:39] [0.99254006] | diff_abs: 0.0035, diff_pct: 0.35% | 정상
[2025-12-08 18:32:40] MFC4_N2-4 | 실제값: [2025-12-08 18:32:38] [0.501] | 예측값: [2025-12-08 18:32:38] [0.5000773] | diff_abs: 0.0009, diff_pct: 0.18% | 정상
[2025-12-08 18:32:40] MFC4_N2-4 | 실제값: [2025-12-08 18:32:39] [0.501] | 예측값: [2025-12-08 18:32:39] [0.49945828] | diff_abs: 0.0015, diff_pct: 0.31% | 정상
[2025-12-08 18:32:41] MFC7_DCS | 실제값: [2025-12-08 18:32:39] [0.0] | 예측값: [2025-12-08 18:32:39] [0.0005178036] | diff_abs: 0.0005, diff_pct: 0.05% | 정상
[2025-12-08 18:32:41] MFC7_DCS | 실제값: [2025-12-08 18:32:40] [0.0] | 예측값: [2025-12-08 18:32:40] [0.001206737] | diff_abs: 0.0012, diff_pct: 0.12% | 정상
[2025-12-08 18:32:41] MFC8_NH3 | 실제값: [2025-12-08 18:32:39] [0.0] | 예측값: [2025-12-08 18:32:39] [-0.009791682] | diff_abs: 0.0098, diff_pct: 0.98% | 정상
[2025-12-08 18:32:41] MFC8_NH3 | 실제값: [2025-12-08 18:32:40] [0.0] | 예측값: [2025-12-08 18:32:40] [-0.010539884] | diff_abs: 0.0105, diff_pct: 1.05% | 정상
[2025-12-08 18:32:41] MFC1_N2-1 | 실제값: [2025-12-08 18:32:39] [0.542] | 예측값: [2025-12-08 18:32:39] [0.5905462] | diff_abs: 0.0485, diff_pct: 8.96% | 정상
[2025-12-08 18:32:41] MFC1_N2-1 | 실제값: [2025-12-08 18:32:40] [0.853] | 예측값: [2025-12-08 18:32:40] [0.8820534] | diff_abs: 0.0291, diff_pct: 3.41% | 정상
[2025-12-08 18:32:41] MFC2_N2-2 | 실제값: [2025-12-08 18:32:39] [0.0] | 예측값: [2025-12-08 18:32:39] [0.007848703] | diff_abs: 0.0078, diff_pct: 0.78% | 정상
[2025-12-08 18:32:41] MFC2_N2-2 | 실제값: [2025-12-08 18:32:40] [0.0] | 예측값: [2025-12-08 18:32:40] [0.008727563] | diff_abs: 0.0087, diff_pct: 0.87% | 정상
[2025-12-08 18:32:41] MFC3_N2-3 | 실제값: [2025-12-08 18:32:39] [0.996] | 예측값: [2025-12-08 18:32:39] [0.99254006] | diff_abs: 0.0035, diff_pct: 0.35% | 정상
[2025-12-08 18:32:41] MFC3_N2-3 | 실제값: [2025-12-08 18:32:40] [0.996] | 예측값: [2025-12-08 18:32:40] [0.9884266] | diff_abs: 0.0076, diff_pct: 0.76% | 정상
[2025-12-08 18:32:41] MFC4_N2-4 | 실제값: [2025-12-08 18:32:39] [0.501] | 예측값: [2025-12-08 18:32:39] [0.49945828] | diff_abs: 0.0015, diff_pct: 0.31% | 정상
[2025-12-08 18:32:41] MFC4_N2-4 | 실제값: [2025-12-08 18:32:40] [0.501] | 예측값: [2025-12-08 18:32:40] [0.4998212] | diff_abs: 0.0012, diff_pct: 0.24% | 정상
[2025-12-08 18:32:42] MFC7_DCS | 실제값: [2025-12-08 18:32:40] [0.0] | 예측값: [2025-12-08 18:32:40] [0.001206737] | diff_abs: 0.0012, diff_pct: 0.12% | 정상
[2025-12-08 18:32:42] MFC7_DCS | 실제값: [2025-12-08 18:32:41] [0.0] | 예측값: [2025-12-08 18:32:41] [0.00074598886] | diff_abs: 0.0007, diff_pct: 0.07% | 정상
[2025-12-08 18:32:42] MFC8_NH3 | 실제값: [2025-12-08 18:32:40] [0.0] | 예측값: [2025-12-08 18:32:40] [-0.010539884] | diff_abs: 0.0105, diff_pct: 1.05% | 정상
[2025-12-08 18:32:42] MFC8_NH3 | 실제값: [2025-12-08 18:32:41] [0.0] | 예측값: [2025-12-08 18:32:41] [-0.010256898] | diff_abs: 0.0103, diff_pct: 1.03% | 정상
[2025-12-08 18:32:42] MFC1_N2-1 | 실제값: [2025-12-08 18:32:40] [0.853] | 예측값: [2025-12-08 18:32:40] [0.8820534] | diff_abs: 0.0291, diff_pct: 3.41% | 정상
[2025-12-08 18:32:42] MFC1_N2-1 | 실제값: [2025-12-08 18:32:41] [0.999] | 예측값: [2025-12-08 18:32:41] [1.0194681] | diff_abs: 0.0205, diff_pct: 2.05% | 정상
[2025-12-08 18:32:42] MFC2_N2-2 | 실제값: [2025-12-08 18:32:40] [0.0] | 예측값: [2025-12-08 18:32:40] [0.008727563] | diff_abs: 0.0087, diff_pct: 0.87% | 정상
[2025-12-08 18:32:42] MFC2_N2-2 | 실제값: [2025-12-08 18:32:41] [0.0] | 예측값: [2025-12-08 18:32:41] [0.008740577] | diff_abs: 0.0087, diff_pct: 0.87% | 정상
[2025-12-08 18:32:42] MFC3_N2-3 | 실제값: [2025-12-08 18:32:40] [0.996] | 예측값: [2025-12-08 18:32:40] [0.9884266] | diff_abs: 0.0076, diff_pct: 0.76% | 정상
[2025-12-08 18:32:42] MFC3_N2-3 | 실제값: [2025-12-08 18:32:41] [0.996] | 예측값: [2025-12-08 18:32:41] [0.9862671] | diff_abs: 0.0097, diff_pct: 0.98% | 정상
[2025-12-08 18:32:42] MFC4_N2-4 | 실제값: [2025-12-08 18:32:40] [0.501] | 예측값: [2025-12-08 18:32:40] [0.4998212] | diff_abs: 0.0012, diff_pct: 0.24% | 정상
[2025-12-08 18:32:42] MFC4_N2-4 | 실제값: [2025-12-08 18:32:41] [0.501] | 예측값: [2025-12-08 18:32:41] [0.49941504] | diff_abs: 0.0016, diff_pct: 0.32% | 정상
[2025-12-08 18:32:43] MFC7_DCS | 실제값: [2025-12-08 18:32:41] [0.0] | 예측값: [2025-12-08 18:32:41] [0.00074598886] | diff_abs: 0.0007, diff_pct: 0.07% | 정상
[2025-12-08 18:32:43] MFC7_DCS | 실제값: [2025-12-08 18:32:42] [0.0] | 예측값: [2025-12-08 18:32:42] [0.0010456758] | diff_abs: 0.0010, diff_pct: 0.10% | 정상
[2025-12-08 18:32:43] MFC8_NH3 | 실제값: [2025-12-08 18:32:41] [0.0] | 예측값: [2025-12-08 18:32:41] [-0.010256898] | diff_abs: 0.0103, diff_pct: 1.03% | 정상
[2025-12-08 18:32:43] MFC8_NH3 | 실제값: [2025-12-08 18:32:42] [0.0] | 예측값: [2025-12-08 18:32:42] [-0.014706923] | diff_abs: 0.0147, diff_pct: 1.47% | 정상
[2025-12-08 18:32:43] MFC1_N2-1 | 실제값: [2025-12-08 18:32:41] [0.999] | 예측값: [2025-12-08 18:32:41] [1.0194681] | diff_abs: 0.0205, diff_pct: 2.05% | 정상
[2025-12-08 18:32:43] MFC1_N2-1 | 실제값: [2025-12-08 18:32:42] [0.999] | 예측값: [2025-12-08 18:32:42] [1.0144318] | diff_abs: 0.0154, diff_pct: 1.54% | 정상
[2025-12-08 18:32:43] MFC2_N2-2 | 실제값: [2025-12-08 18:32:41] [0.0] | 예측값: [2025-12-08 18:32:41] [0.008740577] | diff_abs: 0.0087, diff_pct: 0.87% | 정상
[2025-12-08 18:32:43] MFC2_N2-2 | 실제값: [2025-12-08 18:32:42] [0.0] | 예측값: [2025-12-08 18:32:42] [0.011100831] | diff_abs: 0.0111, diff_pct: 1.11% | 정상
[2025-12-08 18:32:43] MFC3_N2-3 | 실제값: [2025-12-08 18:32:41] [0.996] | 예측값: [2025-12-08 18:32:41] [0.9862671] | diff_abs: 0.0097, diff_pct: 0.98% | 정상
[2025-12-08 18:32:43] MFC3_N2-3 | 실제값: [2025-12-08 18:32:42] [0.996] | 예측값: [2025-12-08 18:32:42] [0.990144] | diff_abs: 0.0059, diff_pct: 0.59% | 정상
[2025-12-08 18:32:43] MFC4_N2-4 | 실제값: [2025-12-08 18:32:41] [0.501] | 예측값: [2025-12-08 18:32:41] [0.49941504] | diff_abs: 0.0016, diff_pct: 0.32% | 정상
[2025-12-08 18:32:43] MFC4_N2-4 | 실제값: [2025-12-08 18:32:42] [0.501] | 예측값: [2025-12-08 18:32:42] [0.49951705] | diff_abs: 0.0015, diff_pct: 0.30% | 정상
[2025-12-08 18:32:44] MFC7_DCS | 실제값: [2025-12-08 18:32:42] [0.0] | 예측값: [2025-12-08 18:32:42] [0.0010456758] | diff_abs: 0.0010, diff_pct: 0.10% | 정상
[2025-12-08 18:32:44] MFC7_DCS | 실제값: [2025-12-08 18:32:43] [0.0] | 예측값: [2025-12-08 18:32:43] [0.0003291997] | diff_abs: 0.0003, diff_pct: 0.03% | 정상
[2025-12-08 18:32:44] MFC8_NH3 | 실제값: [2025-12-08 18:32:42] [0.0] | 예측값: [2025-12-08 18:32:42] [-0.014706923] | diff_abs: 0.0147, diff_pct: 1.47% | 정상
[2025-12-08 18:32:44] MFC8_NH3 | 실제값: [2025-12-08 18:32:43] [0.0] | 예측값: [2025-12-08 18:32:43] [-0.0124333855] | diff_abs: 0.0124, diff_pct: 1.24% | 정상
[2025-12-08 18:32:44] MFC1_N2-1 | 실제값: [2025-12-08 18:32:42] [0.999] | 예측값: [2025-12-08 18:32:42] [1.0144318] | diff_abs: 0.0154, diff_pct: 1.54% | 정상
[2025-12-08 18:32:44] MFC1_N2-1 | 실제값: [2025-12-08 18:32:43] [1.128] | 예측값: [2025-12-08 18:32:43] [1.1542188] | diff_abs: 0.0262, diff_pct: 2.32% | 정상
[2025-12-08 18:32:44] MFC2_N2-2 | 실제값: [2025-12-08 18:32:42] [0.0] | 예측값: [2025-12-08 18:32:42] [0.011100831] | diff_abs: 0.0111, diff_pct: 1.11% | 정상
[2025-12-08 18:32:44] MFC2_N2-2 | 실제값: [2025-12-08 18:32:43] [0.0] | 예측값: [2025-12-08 18:32:43] [0.010427878] | diff_abs: 0.0104, diff_pct: 1.04% | 정상
[2025-12-08 18:32:44] MFC3_N2-3 | 실제값: [2025-12-08 18:32:42] [0.996] | 예측값: [2025-12-08 18:32:42] [0.990144] | diff_abs: 0.0059, diff_pct: 0.59% | 정상
[2025-12-08 18:32:44] MFC3_N2-3 | 실제값: [2025-12-08 18:32:43] [0.996] | 예측값: [2025-12-08 18:32:43] [0.98907804] | diff_abs: 0.0069, diff_pct: 0.69% | 정상
[2025-12-08 18:32:44] MFC4_N2-4 | 실제값: [2025-12-08 18:32:42] [0.501] | 예측값: [2025-12-08 18:32:42] [0.49951705] | diff_abs: 0.0015, diff_pct: 0.30% | 정상
[2025-12-08 18:32:44] MFC4_N2-4 | 실제값: [2025-12-08 18:32:43] [0.501] | 예측값: [2025-12-08 18:32:43] [0.4996902] | diff_abs: 0.0013, diff_pct: 0.26% | 정상
[2025-12-08 18:32:45] MFC7_DCS | 실제값: [2025-12-08 18:32:43] [0.0] | 예측값: [2025-12-08 18:32:43] [0.0003291997] | diff_abs: 0.0003, diff_pct: 0.03% | 정상
[2025-12-08 18:32:45] MFC7_DCS | 실제값: [2025-12-08 18:32:44] [0.0] | 예측값: [2025-12-08 18:32:44] [0.0008395612] | diff_abs: 0.0008, diff_pct: 0.08% | 정상
[2025-12-08 18:32:45] MFC8_NH3 | 실제값: [2025-12-08 18:32:43] [0.0] | 예측값: [2025-12-08 18:32:43] [-0.0124333855] | diff_abs: 0.0124, diff_pct: 1.24% | 정상
[2025-12-08 18:32:45] MFC8_NH3 | 실제값: [2025-12-08 18:32:44] [0.0] | 예측값: [2025-12-08 18:32:44] [-0.014856761] | diff_abs: 0.0149, diff_pct: 1.49% | 정상
[2025-12-08 18:32:45] MFC1_N2-1 | 실제값: [2025-12-08 18:32:43] [1.128] | 예측값: [2025-12-08 18:32:43] [1.1542188] | diff_abs: 0.0262, diff_pct: 2.32% | 정상
[2025-12-08 18:32:45] MFC1_N2-1 | 실제값: [2025-12-08 18:32:44] [1.441] | 예측값: [2025-12-08 18:32:44] [1.4625654] | diff_abs: 0.0216, diff_pct: 1.50% | 정상
[2025-12-08 18:32:45] MFC2_N2-2 | 실제값: [2025-12-08 18:32:43] [0.0] | 예측값: [2025-12-08 18:32:43] [0.010427878] | diff_abs: 0.0104, diff_pct: 1.04% | 정상
[2025-12-08 18:32:45] MFC2_N2-2 | 실제값: [2025-12-08 18:32:44] [0.0] | 예측값: [2025-12-08 18:32:44] [0.011081154] | diff_abs: 0.0111, diff_pct: 1.11% | 정상
[2025-12-08 18:32:45] MFC3_N2-3 | 실제값: [2025-12-08 18:32:43] [0.996] | 예측값: [2025-12-08 18:32:43] [0.98907804] | diff_abs: 0.0069, diff_pct: 0.69% | 정상
[2025-12-08 18:32:45] MFC3_N2-3 | 실제값: [2025-12-08 18:32:44] [0.996] | 예측값: [2025-12-08 18:32:44] [0.98791534] | diff_abs: 0.0081, diff_pct: 0.81% | 정상
[2025-12-08 18:32:45] MFC4_N2-4 | 실제값: [2025-12-08 18:32:43] [0.501] | 예측값: [2025-12-08 18:32:43] [0.4996902] | diff_abs: 0.0013, diff_pct: 0.26% | 정상
[2025-12-08 18:32:45] MFC4_N2-4 | 실제값: [2025-12-08 18:32:44] [0.501] | 예측값: [2025-12-08 18:32:44] [0.49966675] | diff_abs: 0.0013, diff_pct: 0.27% | 정상
[2025-12-08 18:32:46] MFC7_DCS | 실제값: [2025-12-08 18:32:44] [0.0] | 예측값: [2025-12-08 18:32:44] [0.0008395612] | diff_abs: 0.0008, diff_pct: 0.08% | 정상
[2025-12-08 18:32:46] MFC7_DCS | 실제값: [2025-12-08 18:32:45] [0.0] | 예측값: [2025-12-08 18:32:45] [0.000789583] | diff_abs: 0.0008, diff_pct: 0.08% | 정상
[2025-12-08 18:32:46] MFC8_NH3 | 실제값: [2025-12-08 18:32:44] [0.0] | 예측값: [2025-12-08 18:32:44] [-0.014856761] | diff_abs: 0.0149, diff_pct: 1.49% | 정상
[2025-12-08 18:32:46] MFC8_NH3 | 실제값: [2025-12-08 18:32:45] [4.141] | 예측값: [2025-12-08 18:32:45] [3.8742318] | diff_abs: 0.2668, diff_pct: 6.44% | 정상
[2025-12-08 18:32:46] MFC1_N2-1 | 실제값: [2025-12-08 18:32:44] [1.441] | 예측값: [2025-12-08 18:32:44] [1.4625654] | diff_abs: 0.0216, diff_pct: 1.50% | 정상
[2025-12-08 18:32:46] MFC1_N2-1 | 실제값: [2025-12-08 18:32:45] [1.503] | 예측값: [2025-12-08 18:32:45] [1.5061189] | diff_abs: 0.0031, diff_pct: 0.21% | 정상
[2025-12-08 18:32:46] MFC2_N2-2 | 실제값: [2025-12-08 18:32:44] [0.0] | 예측값: [2025-12-08 18:32:44] [0.011081154] | diff_abs: 0.0111, diff_pct: 1.11% | 정상
[2025-12-08 18:32:46] MFC2_N2-2 | 실제값: [2025-12-08 18:32:45] [0.0] | 예측값: [2025-12-08 18:32:45] [0.009518343] | diff_abs: 0.0095, diff_pct: 0.95% | 정상
[2025-12-08 18:32:46] MFC3_N2-3 | 실제값: [2025-12-08 18:32:44] [0.996] | 예측값: [2025-12-08 18:32:44] [0.98791534] | diff_abs: 0.0081, diff_pct: 0.81% | 정상
[2025-12-08 18:32:46] MFC3_N2-3 | 실제값: [2025-12-08 18:32:45] [0.557] | 예측값: [2025-12-08 18:32:45] [0.3792644] | diff_abs: 0.1777, diff_pct: 31.91% | 이상
[2025-12-08 18:32:46] MFC4_N2-4 | 실제값: [2025-12-08 18:32:44] [0.501] | 예측값: [2025-12-08 18:32:44] [0.49966675] | diff_abs: 0.0013, diff_pct: 0.27% | 정상
[2025-12-08 18:32:46] MFC4_N2-4 | 실제값: [2025-12-08 18:32:45] [0.349] | 예측값: [2025-12-08 18:32:45] [0.3383603] | diff_abs: 0.0106, diff_pct: 3.05% | 정상
[2025-12-08 18:32:47] MFC7_DCS | 실제값: [2025-12-08 18:32:45] [0.0] | 예측값: [2025-12-08 18:32:45] [0.000789583] | diff_abs: 0.0008, diff_pct: 0.08% | 정상
[2025-12-08 18:32:47] MFC7_DCS | 실제값: [2025-12-08 18:32:46] [0.0] | 예측값: [2025-12-08 18:32:46] [0.0006770408] | diff_abs: 0.0007, diff_pct: 0.07% | 정상
[2025-12-08 18:32:47] MFC8_NH3 | 실제값: [2025-12-08 18:32:45] [4.141] | 예측값: [2025-12-08 18:32:45] [3.8742318] | diff_abs: 0.2668, diff_pct: 6.44% | 정상
[2025-12-08 18:32:47] MFC8_NH3 | 실제값: [2025-12-08 18:32:46] [0.0] | 예측값: [2025-12-08 18:32:46] [-0.017348627] | diff_abs: 0.0173, diff_pct: 1.73% | 정상
[2025-12-08 18:32:47] MFC1_N2-1 | 실제값: [2025-12-08 18:32:45] [1.503] | 예측값: [2025-12-08 18:32:45] [1.5061189] | diff_abs: 0.0031, diff_pct: 0.21% | 정상
[2025-12-08 18:32:47] MFC1_N2-1 | 실제값: [2025-12-08 18:32:46] [1.5] | 예측값: [2025-12-08 18:32:46] [1.5009594] | diff_abs: 0.0010, diff_pct: 0.06% | 정상
[2025-12-08 18:32:47] MFC2_N2-2 | 실제값: [2025-12-08 18:32:45] [0.0] | 예측값: [2025-12-08 18:32:45] [0.009518343] | diff_abs: 0.0095, diff_pct: 0.95% | 정상
[2025-12-08 18:32:47] MFC2_N2-2 | 실제값: [2025-12-08 18:32:46] [0.0] | 예측값: [2025-12-08 18:32:46] [0.010492641] | diff_abs: 0.0105, diff_pct: 1.05% | 정상
[2025-12-08 18:32:47] MFC3_N2-3 | 실제값: [2025-12-08 18:32:45] [0.557] | 예측값: [2025-12-08 18:32:45] [0.3792644] | diff_abs: 0.1777, diff_pct: 31.91% | 이상
[2025-12-08 18:32:47] MFC3_N2-3 | 실제값: [2025-12-08 18:32:46] [0.0] | 예측값: [2025-12-08 18:32:46] [-0.0022295448] | diff_abs: 0.0022, diff_pct: 0.22% | 정상
[2025-12-08 18:32:47] MFC4_N2-4 | 실제값: [2025-12-08 18:32:45] [0.349] | 예측값: [2025-12-08 18:32:45] [0.3383603] | diff_abs: 0.0106, diff_pct: 3.05% | 정상
[2025-12-08 18:32:47] MFC4_N2-4 | 실제값: [2025-12-08 18:32:46] [0.032] | 예측값: [2025-12-08 18:32:46] [0.032580163] | diff_abs: 0.0006, diff_pct: 1.81% | 정상
[2025-12-08 18:32:48] MFC7_DCS | 실제값: [2025-12-08 18:32:46] [0.0] | 예측값: [2025-12-08 18:32:46] [0.0006770408] | diff_abs: 0.0007, diff_pct: 0.07% | 정상
[2025-12-08 18:32:48] MFC7_DCS | 실제값: [2025-12-08 18:32:47] [0.0] | 예측값: [2025-12-08 18:32:47] [0.0008622703] | diff_abs: 0.0009, diff_pct: 0.09% | 정상
[2025-12-08 18:32:48] MFC8_NH3 | 실제값: [2025-12-08 18:32:46] [0.0] | 예측값: [2025-12-08 18:32:46] [-0.017348627] | diff_abs: 0.0173, diff_pct: 1.73% | 정상
[2025-12-08 18:32:48] MFC8_NH3 | 실제값: [2025-12-08 18:32:47] [4.6] | 예측값: [2025-12-08 18:32:47] [4.838133] | diff_abs: 0.2381, diff_pct: 5.18% | 정상
[2025-12-08 18:32:48] MFC1_N2-1 | 실제값: [2025-12-08 18:32:46] [1.5] | 예측값: [2025-12-08 18:32:46] [1.5009594] | diff_abs: 0.0010, diff_pct: 0.06% | 정상
[2025-12-08 18:32:48] MFC1_N2-1 | 실제값: [2025-12-08 18:32:47] [1.5] | 예측값: [2025-12-08 18:32:47] [1.5016891] | diff_abs: 0.0017, diff_pct: 0.11% | 정상
[2025-12-08 18:32:48] MFC2_N2-2 | 실제값: [2025-12-08 18:32:46] [0.0] | 예측값: [2025-12-08 18:32:46] [0.010492641] | diff_abs: 0.0105, diff_pct: 1.05% | 정상
[2025-12-08 18:32:48] MFC2_N2-2 | 실제값: [2025-12-08 18:32:47] [0.0] | 예측값: [2025-12-08 18:32:47] [0.009132094] | diff_abs: 0.0091, diff_pct: 0.91% | 정상
[2025-12-08 18:32:48] MFC3_N2-3 | 실제값: [2025-12-08 18:32:46] [0.0] | 예측값: [2025-12-08 18:32:46] [-0.0022295448] | diff_abs: 0.0022, diff_pct: 0.22% | 정상
[2025-12-08 18:32:48] MFC3_N2-3 | 실제값: [2025-12-08 18:32:47] [0.0] | 예측값: [2025-12-08 18:32:47] [-0.001980446] | diff_abs: 0.0020, diff_pct: 0.20% | 정상
[2025-12-08 18:32:48] MFC4_N2-4 | 실제값: [2025-12-08 18:32:46] [0.032] | 예측값: [2025-12-08 18:32:46] [0.032580163] | diff_abs: 0.0006, diff_pct: 1.81% | 정상
[2025-12-08 18:32:48] MFC4_N2-4 | 실제값: [2025-12-08 18:32:47] [0.0] | 예측값: [2025-12-08 18:32:47] [0.00012347639] | diff_abs: 0.0001, diff_pct: 0.01% | 정상
[2025-12-08 18:32:49] MFC7_DCS | 실제값: [2025-12-08 18:32:47] [0.0] | 예측값: [2025-12-08 18:32:47] [0.0008622703] | diff_abs: 0.0009, diff_pct: 0.09% | 정상
[2025-12-08 18:32:49] MFC7_DCS | 실제값: [2025-12-08 18:32:48] [0.0] | 예측값: [2025-12-08 18:32:48] [0.00073668634] | diff_abs: 0.0007, diff_pct: 0.07% | 정상
[2025-12-08 18:32:49] MFC8_NH3 | 실제값: [2025-12-08 18:32:47] [4.6] | 예측값: [2025-12-08 18:32:47] [4.838133] | diff_abs: 0.2381, diff_pct: 5.18% | 정상
[2025-12-08 18:32:49] MFC8_NH3 | 실제값: [2025-12-08 18:32:48] [4.483] | 예측값: [2025-12-08 18:32:48] [4.4706473] | diff_abs: 0.0124, diff_pct: 0.28% | 정상
[2025-12-08 18:32:49] MFC1_N2-1 | 실제값: [2025-12-08 18:32:47] [1.5] | 예측값: [2025-12-08 18:32:47] [1.5016891] | diff_abs: 0.0017, diff_pct: 0.11% | 정상
[2025-12-08 18:32:49] MFC1_N2-1 | 실제값: [2025-12-08 18:32:48] [1.5] | 예측값: [2025-12-08 18:32:48] [1.500327] | diff_abs: 0.0003, diff_pct: 0.02% | 정상
[2025-12-08 18:32:49] MFC2_N2-2 | 실제값: [2025-12-08 18:32:47] [0.0] | 예측값: [2025-12-08 18:32:47] [0.009132094] | diff_abs: 0.0091, diff_pct: 0.91% | 정상
[2025-12-08 18:32:49] MFC2_N2-2 | 실제값: [2025-12-08 18:32:48] [0.0] | 예측값: [2025-12-08 18:32:48] [0.013091338] | diff_abs: 0.0131, diff_pct: 1.31% | 정상
[2025-12-08 18:32:49] MFC3_N2-3 | 실제값: [2025-12-08 18:32:47] [0.0] | 예측값: [2025-12-08 18:32:47] [-0.001980446] | diff_abs: 0.0020, diff_pct: 0.20% | 정상
[2025-12-08 18:32:49] MFC3_N2-3 | 실제값: [2025-12-08 18:32:48] [0.0] | 예측값: [2025-12-08 18:32:48] [-0.0021756215] | diff_abs: 0.0022, diff_pct: 0.22% | 정상
[2025-12-08 18:32:49] MFC4_N2-4 | 실제값: [2025-12-08 18:32:47] [0.0] | 예측값: [2025-12-08 18:32:47] [0.00012347639] | diff_abs: 0.0001, diff_pct: 0.01% | 정상
[2025-12-08 18:32:49] MFC4_N2-4 | 실제값: [2025-12-08 18:32:48] [0.0] | 예측값: [2025-12-08 18:32:48] [0.000505257] | diff_abs: 0.0005, diff_pct: 0.05% | 정상
[2025-12-08 18:32:50] MFC7_DCS | 실제값: [2025-12-08 18:32:48] [0.0] | 예측값: [2025-12-08 18:32:48] [0.00073668634] | diff_abs: 0.0007, diff_pct: 0.07% | 정상
[2025-12-08 18:32:50] MFC7_DCS | 실제값: [2025-12-08 18:32:49] [0.0] | 예측값: [2025-12-08 18:32:49] [-0.0010521326] | diff_abs: 0.0011, diff_pct: 0.11% | 정상
[2025-12-08 18:32:50] MFC8_NH3 | 실제값: [2025-12-08 18:32:48] [4.483] | 예측값: [2025-12-08 18:32:48] [4.4706473] | diff_abs: 0.0124, diff_pct: 0.28% | 정상
[2025-12-08 18:32:50] MFC8_NH3 | 실제값: [2025-12-08 18:32:49] [4.483] | 예측값: [2025-12-08 18:32:49] [4.4907827] | diff_abs: 0.0078, diff_pct: 0.17% | 정상
[2025-12-08 18:32:50] MFC1_N2-1 | 실제값: [2025-12-08 18:32:48] [1.5] | 예측값: [2025-12-08 18:32:48] [1.500327] | diff_abs: 0.0003, diff_pct: 0.02% | 정상
[2025-12-08 18:32:50] MFC1_N2-1 | 실제값: [2025-12-08 18:32:49] [1.5] | 예측값: [2025-12-08 18:32:49] [1.4994042] | diff_abs: 0.0006, diff_pct: 0.04% | 정상
[2025-12-08 18:32:50] MFC2_N2-2 | 실제값: [2025-12-08 18:32:48] [0.0] | 예측값: [2025-12-08 18:32:48] [0.013091338] | diff_abs: 0.0131, diff_pct: 1.31% | 정상
[2025-12-08 18:32:50] MFC2_N2-2 | 실제값: [2025-12-08 18:32:49] [0.0] | 예측값: [2025-12-08 18:32:49] [0.010946595] | diff_abs: 0.0109, diff_pct: 1.09% | 정상
[2025-12-08 18:32:50] MFC3_N2-3 | 실제값: [2025-12-08 18:32:48] [0.0] | 예측값: [2025-12-08 18:32:48] [-0.0021756215] | diff_abs: 0.0022, diff_pct: 0.22% | 정상
[2025-12-08 18:32:50] MFC3_N2-3 | 실제값: [2025-12-08 18:32:49] [0.0] | 예측값: [2025-12-08 18:32:49] [0.0021202164] | diff_abs: 0.0021, diff_pct: 0.21% | 정상
[2025-12-08 18:32:50] MFC4_N2-4 | 실제값: [2025-12-08 18:32:48] [0.0] | 예측값: [2025-12-08 18:32:48] [0.000505257] | diff_abs: 0.0005, diff_pct: 0.05% | 정상
[2025-12-08 18:32:50] MFC4_N2-4 | 실제값: [2025-12-08 18:32:49] [0.0] | 예측값: [2025-12-08 18:32:49] [0.00070093106] | diff_abs: 0.0007, diff_pct: 0.07% | 정상
[2025-12-08 18:32:51] MFC7_DCS | 실제값: [2025-12-08 18:32:49] [0.0] | 예측값: [2025-12-08 18:32:49] [-0.0010521326] | diff_abs: 0.0011, diff_pct: 0.11% | 정상
[2025-12-08 18:32:51] MFC7_DCS | 실제값: [2025-12-08 18:32:50] [0.0] | 예측값: [2025-12-08 18:32:50] [-0.0027631568] | diff_abs: 0.0028, diff_pct: 0.28% | 정상
[2025-12-08 18:32:51] MFC8_NH3 | 실제값: [2025-12-08 18:32:49] [4.483] | 예측값: [2025-12-08 18:32:49] [4.4907827] | diff_abs: 0.0078, diff_pct: 0.17% | 정상
[2025-12-08 18:32:51] MFC8_NH3 | 실제값: [2025-12-08 18:32:50] [4.492] | 예측값: [2025-12-08 18:32:50] [4.4928703] | diff_abs: 0.0009, diff_pct: 0.02% | 정상
[2025-12-08 18:32:51] MFC1_N2-1 | 실제값: [2025-12-08 18:32:49] [1.5] | 예측값: [2025-12-08 18:32:49] [1.4994042] | diff_abs: 0.0006, diff_pct: 0.04% | 정상
[2025-12-08 18:32:51] MFC1_N2-1 | 실제값: [2025-12-08 18:32:50] [1.5] | 예측값: [2025-12-08 18:32:50] [1.4911648] | diff_abs: 0.0088, diff_pct: 0.59% | 정상
[2025-12-08 18:32:51] MFC2_N2-2 | 실제값: [2025-12-08 18:32:49] [0.0] | 예측값: [2025-12-08 18:32:49] [0.010946595] | diff_abs: 0.0109, diff_pct: 1.09% | 정상
[2025-12-08 18:32:51] MFC2_N2-2 | 실제값: [2025-12-08 18:32:50] [0.0] | 예측값: [2025-12-08 18:32:50] [0.009961065] | diff_abs: 0.0100, diff_pct: 1.00% | 정상
[2025-12-08 18:32:51] MFC3_N2-3 | 실제값: [2025-12-08 18:32:49] [0.0] | 예측값: [2025-12-08 18:32:49] [0.0021202164] | diff_abs: 0.0021, diff_pct: 0.21% | 정상
[2025-12-08 18:32:51] MFC3_N2-3 | 실제값: [2025-12-08 18:32:50] [0.0] | 예측값: [2025-12-08 18:32:50] [-0.0013972993] | diff_abs: 0.0014, diff_pct: 0.14% | 정상
[2025-12-08 18:32:51] MFC4_N2-4 | 실제값: [2025-12-08 18:32:49] [0.0] | 예측값: [2025-12-08 18:32:49] [0.00070093106] | diff_abs: 0.0007, diff_pct: 0.07% | 정상
[2025-12-08 18:32:51] MFC4_N2-4 | 실제값: [2025-12-08 18:32:50] [0.0] | 예측값: [2025-12-08 18:32:50] [0.0014832594] | diff_abs: 0.0015, diff_pct: 0.15% | 정상
[2025-12-08 18:32:52] MFC7_DCS | 실제값: [2025-12-08 18:32:50] [0.0] | 예측값: [2025-12-08 18:32:50] [-0.0027631568] | diff_abs: 0.0028, diff_pct: 0.28% | 정상
[2025-12-08 18:32:52] MFC7_DCS | 실제값: [2025-12-08 18:32:51] [0.0] | 예측값: [2025-12-08 18:32:51] [-0.0048958953] | diff_abs: 0.0049, diff_pct: 0.49% | 정상
[2025-12-08 18:32:52] MFC8_NH3 | 실제값: [2025-12-08 18:32:50] [4.492] | 예측값: [2025-12-08 18:32:50] [4.4928703] | diff_abs: 0.0009, diff_pct: 0.02% | 정상
[2025-12-08 18:32:52] MFC8_NH3 | 실제값: [2025-12-08 18:32:51] [4.492] | 예측값: [2025-12-08 18:32:51] [4.494003] | diff_abs: 0.0020, diff_pct: 0.04% | 정상
[2025-12-08 18:32:52] MFC1_N2-1 | 실제값: [2025-12-08 18:32:50] [1.5] | 예측값: [2025-12-08 18:32:50] [1.4911648] | diff_abs: 0.0088, diff_pct: 0.59% | 정상
[2025-12-08 18:32:52] MFC1_N2-1 | 실제값: [2025-12-08 18:32:51] [1.5] | 예측값: [2025-12-08 18:32:51] [1.4950125] | diff_abs: 0.0050, diff_pct: 0.33% | 정상
[2025-12-08 18:32:52] MFC2_N2-2 | 실제값: [2025-12-08 18:32:50] [0.0] | 예측값: [2025-12-08 18:32:50] [0.009961065] | diff_abs: 0.0100, diff_pct: 1.00% | 정상
[2025-12-08 18:32:52] MFC2_N2-2 | 실제값: [2025-12-08 18:32:51] [0.0] | 예측값: [2025-12-08 18:32:51] [0.011196348] | diff_abs: 0.0112, diff_pct: 1.12% | 정상
[2025-12-08 18:32:52] MFC3_N2-3 | 실제값: [2025-12-08 18:32:50] [0.0] | 예측값: [2025-12-08 18:32:50] [-0.0013972993] | diff_abs: 0.0014, diff_pct: 0.14% | 정상
[2025-12-08 18:32:52] MFC3_N2-3 | 실제값: [2025-12-08 18:32:51] [0.0] | 예측값: [2025-12-08 18:32:51] [-0.0017076568] | diff_abs: 0.0017, diff_pct: 0.17% | 정상
[2025-12-08 18:32:52] MFC4_N2-4 | 실제값: [2025-12-08 18:32:50] [0.0] | 예측값: [2025-12-08 18:32:50] [0.0014832594] | diff_abs: 0.0015, diff_pct: 0.15% | 정상
[2025-12-08 18:32:52] MFC4_N2-4 | 실제값: [2025-12-08 18:32:51] [0.0] | 예측값: [2025-12-08 18:32:51] [0.0006261389] | diff_abs: 0.0006, diff_pct: 0.06% | 정상
[2025-12-08 18:32:53] MFC7_DCS | 실제값: [2025-12-08 18:32:51] [0.0] | 예측값: [2025-12-08 18:32:51] [-0.0048958953] | diff_abs: 0.0049, diff_pct: 0.49% | 정상
[2025-12-08 18:32:53] MFC7_DCS | 실제값: [2025-12-08 18:32:52] [0.0] | 예측값: [2025-12-08 18:32:52] [-0.0037414713] | diff_abs: 0.0037, diff_pct: 0.37% | 정상
[2025-12-08 18:32:53] MFC8_NH3 | 실제값: [2025-12-08 18:32:51] [4.492] | 예측값: [2025-12-08 18:32:51] [4.494003] | diff_abs: 0.0020, diff_pct: 0.04% | 정상
[2025-12-08 18:32:53] MFC8_NH3 | 실제값: [2025-12-08 18:32:52] [4.492] | 예측값: [2025-12-08 18:32:52] [4.492057] | diff_abs: 0.0001, diff_pct: 0.00% | 정상
[2025-12-08 18:32:53] MFC1_N2-1 | 실제값: [2025-12-08 18:32:51] [1.5] | 예측값: [2025-12-08 18:32:51] [1.4950125] | diff_abs: 0.0050, diff_pct: 0.33% | 정상
[2025-12-08 18:32:53] MFC1_N2-1 | 실제값: [2025-12-08 18:32:52] [1.5] | 예측값: [2025-12-08 18:32:52] [1.4969126] | diff_abs: 0.0031, diff_pct: 0.21% | 정상
[2025-12-08 18:32:53] MFC2_N2-2 | 실제값: [2025-12-08 18:32:51] [0.0] | 예측값: [2025-12-08 18:32:51] [0.011196348] | diff_abs: 0.0112, diff_pct: 1.12% | 정상
[2025-12-08 18:32:53] MFC2_N2-2 | 실제값: [2025-12-08 18:32:52] [0.0] | 예측값: [2025-12-08 18:32:52] [0.009856485] | diff_abs: 0.0099, diff_pct: 0.99% | 정상
[2025-12-08 18:32:53] MFC3_N2-3 | 실제값: [2025-12-08 18:32:51] [0.0] | 예측값: [2025-12-08 18:32:51] [-0.0017076568] | diff_abs: 0.0017, diff_pct: 0.17% | 정상
[2025-12-08 18:32:53] MFC3_N2-3 | 실제값: [2025-12-08 18:32:52] [0.0] | 예측값: [2025-12-08 18:32:52] [-0.00072484184] | diff_abs: 0.0007, diff_pct: 0.07% | 정상
[2025-12-08 18:32:53] MFC4_N2-4 | 실제값: [2025-12-08 18:32:51] [0.0] | 예측값: [2025-12-08 18:32:51] [0.0006261389] | diff_abs: 0.0006, diff_pct: 0.06% | 정상
[2025-12-08 18:32:53] MFC4_N2-4 | 실제값: [2025-12-08 18:32:52] [0.0] | 예측값: [2025-12-08 18:32:52] [0.00028575616] | diff_abs: 0.0003, diff_pct: 0.03% | 정상
[2025-12-08 18:32:54] MFC7_DCS | 실제값: [2025-12-08 18:32:52] [0.0] | 예측값: [2025-12-08 18:32:52] [-0.0037414713] | diff_abs: 0.0037, diff_pct: 0.37% | 정상
[2025-12-08 18:32:54] MFC7_DCS | 실제값: [2025-12-08 18:32:53] [0.0] | 예측값: [2025-12-08 18:32:53] [-0.0035585219] | diff_abs: 0.0036, diff_pct: 0.36% | 정상
[2025-12-08 18:32:54] MFC8_NH3 | 실제값: [2025-12-08 18:32:52] [4.492] | 예측값: [2025-12-08 18:32:52] [4.492057] | diff_abs: 0.0001, diff_pct: 0.00% | 정상
[2025-12-08 18:32:54] MFC8_NH3 | 실제값: [2025-12-08 18:32:53] [4.492] | 예측값: [2025-12-08 18:32:53] [4.4899817] | diff_abs: 0.0020, diff_pct: 0.04% | 정상
[2025-12-08 18:32:54] MFC1_N2-1 | 실제값: [2025-12-08 18:32:52] [1.5] | 예측값: [2025-12-08 18:32:52] [1.4969126] | diff_abs: 0.0031, diff_pct: 0.21% | 정상
[2025-12-08 18:32:54] MFC1_N2-1 | 실제값: [2025-12-08 18:32:53] [1.5] | 예측값: [2025-12-08 18:32:53] [1.4944018] | diff_abs: 0.0056, diff_pct: 0.37% | 정상
[2025-12-08 18:32:54] MFC2_N2-2 | 실제값: [2025-12-08 18:32:52] [0.0] | 예측값: [2025-12-08 18:32:52] [0.009856485] | diff_abs: 0.0099, diff_pct: 0.99% | 정상
[2025-12-08 18:32:54] MFC2_N2-2 | 실제값: [2025-12-08 18:32:53] [0.0] | 예측값: [2025-12-08 18:32:53] [0.0087154005] | diff_abs: 0.0087, diff_pct: 0.87% | 정상
[2025-12-08 18:32:54] MFC3_N2-3 | 실제값: [2025-12-08 18:32:52] [0.0] | 예측값: [2025-12-08 18:32:52] [-0.00072484184] | diff_abs: 0.0007, diff_pct: 0.07% | 정상
[2025-12-08 18:32:54] MFC3_N2-3 | 실제값: [2025-12-08 18:32:53] [0.0] | 예측값: [2025-12-08 18:32:53] [0.0043302863] | diff_abs: 0.0043, diff_pct: 0.43% | 정상
[2025-12-08 18:32:54] MFC4_N2-4 | 실제값: [2025-12-08 18:32:52] [0.0] | 예측값: [2025-12-08 18:32:52] [0.00028575616] | diff_abs: 0.0003, diff_pct: 0.03% | 정상
[2025-12-08 18:32:54] MFC4_N2-4 | 실제값: [2025-12-08 18:32:53] [0.0] | 예측값: [2025-12-08 18:32:53] [0.00069715927] | diff_abs: 0.0007, diff_pct: 0.07% | 정상
[2025-12-08 18:32:55] MFC7_DCS | 실제값: [2025-12-08 18:32:53] [0.0] | 예측값: [2025-12-08 18:32:53] [-0.0035585219] | diff_abs: 0.0036, diff_pct: 0.36% | 정상
[2025-12-08 18:32:55] MFC7_DCS | 실제값: [2025-12-08 18:32:54] [0.0] | 예측값: [2025-12-08 18:32:54] [-0.004077365] | diff_abs: 0.0041, diff_pct: 0.41% | 정상
[2025-12-08 18:32:55] MFC8_NH3 | 실제값: [2025-12-08 18:32:53] [4.492] | 예측값: [2025-12-08 18:32:53] [4.4899817] | diff_abs: 0.0020, diff_pct: 0.04% | 정상
[2025-12-08 18:32:55] MFC8_NH3 | 실제값: [2025-12-08 18:32:54] [4.492] | 예측값: [2025-12-08 18:32:54] [4.491554] | diff_abs: 0.0004, diff_pct: 0.01% | 정상
[2025-12-08 18:32:55] MFC1_N2-1 | 실제값: [2025-12-08 18:32:53] [1.5] | 예측값: [2025-12-08 18:32:53] [1.4944018] | diff_abs: 0.0056, diff_pct: 0.37% | 정상
[2025-12-08 18:32:55] MFC1_N2-1 | 실제값: [2025-12-08 18:32:54] [1.5] | 예측값: [2025-12-08 18:32:54] [1.4937118] | diff_abs: 0.0063, diff_pct: 0.42% | 정상
[2025-12-08 18:32:55] MFC2_N2-2 | 실제값: [2025-12-08 18:32:53] [0.0] | 예측값: [2025-12-08 18:32:53] [0.0087154005] | diff_abs: 0.0087, diff_pct: 0.87% | 정상
[2025-12-08 18:32:55] MFC2_N2-2 | 실제값: [2025-12-08 18:32:54] [0.0] | 예측값: [2025-12-08 18:32:54] [0.008020215] | diff_abs: 0.0080, diff_pct: 0.80% | 정상
[2025-12-08 18:32:55] MFC3_N2-3 | 실제값: [2025-12-08 18:32:53] [0.0] | 예측값: [2025-12-08 18:32:53] [0.0043302863] | diff_abs: 0.0043, diff_pct: 0.43% | 정상
[2025-12-08 18:32:55] MFC3_N2-3 | 실제값: [2025-12-08 18:32:54] [0.0] | 예측값: [2025-12-08 18:32:54] [0.0010260852] | diff_abs: 0.0010, diff_pct: 0.10% | 정상
[2025-12-08 18:32:55] MFC4_N2-4 | 실제값: [2025-12-08 18:32:53] [0.0] | 예측값: [2025-12-08 18:32:53] [0.00069715927] | diff_abs: 0.0007, diff_pct: 0.07% | 정상
[2025-12-08 18:32:55] MFC4_N2-4 | 실제값: [2025-12-08 18:32:54] [0.0] | 예측값: [2025-12-08 18:32:54] [0.0010815158] | diff_abs: 0.0011, diff_pct: 0.11% | 정상
[2025-12-08 18:32:56] MFC7_DCS | 실제값: [2025-12-08 18:32:54] [0.0] | 예측값: [2025-12-08 18:32:54] [-0.004077365] | diff_abs: 0.0041, diff_pct: 0.41% | 정상
[2025-12-08 18:32:56] MFC7_DCS | 실제값: [2025-12-08 18:32:55] [0.0] | 예측값: [2025-12-08 18:32:55] [-0.0039525107] | diff_abs: 0.0040, diff_pct: 0.40% | 정상
[2025-12-08 18:32:56] MFC8_NH3 | 실제값: [2025-12-08 18:32:54] [4.492] | 예측값: [2025-12-08 18:32:54] [4.491554] | diff_abs: 0.0004, diff_pct: 0.01% | 정상
[2025-12-08 18:32:56] MFC8_NH3 | 실제값: [2025-12-08 18:32:55] [4.492] | 예측값: [2025-12-08 18:32:55] [4.492225] | diff_abs: 0.0002, diff_pct: 0.01% | 정상
[2025-12-08 18:32:56] MFC1_N2-1 | 실제값: [2025-12-08 18:32:54] [1.5] | 예측값: [2025-12-08 18:32:54] [1.4937118] | diff_abs: 0.0063, diff_pct: 0.42% | 정상
[2025-12-08 18:32:56] MFC1_N2-1 | 실제값: [2025-12-08 18:32:55] [1.5] | 예측값: [2025-12-08 18:32:55] [1.4932508] | diff_abs: 0.0067, diff_pct: 0.45% | 정상
[2025-12-08 18:32:56] MFC2_N2-2 | 실제값: [2025-12-08 18:32:54] [0.0] | 예측값: [2025-12-08 18:32:54] [0.008020215] | diff_abs: 0.0080, diff_pct: 0.80% | 정상
[2025-12-08 18:32:56] MFC2_N2-2 | 실제값: [2025-12-08 18:32:55] [0.0] | 예측값: [2025-12-08 18:32:55] [0.010179907] | diff_abs: 0.0102, diff_pct: 1.02% | 정상
[2025-12-08 18:32:56] MFC3_N2-3 | 실제값: [2025-12-08 18:32:54] [0.0] | 예측값: [2025-12-08 18:32:54] [0.0010260852] | diff_abs: 0.0010, diff_pct: 0.10% | 정상
[2025-12-08 18:32:56] MFC3_N2-3 | 실제값: [2025-12-08 18:32:55] [0.0] | 예측값: [2025-12-08 18:32:55] [0.0011977681] | diff_abs: 0.0012, diff_pct: 0.12% | 정상
[2025-12-08 18:32:56] MFC4_N2-4 | 실제값: [2025-12-08 18:32:54] [0.0] | 예측값: [2025-12-08 18:32:54] [0.0010815158] | diff_abs: 0.0011, diff_pct: 0.11% | 정상
[2025-12-08 18:32:56] MFC4_N2-4 | 실제값: [2025-12-08 18:32:55] [0.0] | 예측값: [2025-12-08 18:32:55] [0.0015057062] | diff_abs: 0.0015, diff_pct: 0.15% | 정상
[2025-12-08 18:32:57] MFC7_DCS | 실제값: [2025-12-08 18:32:55] [0.0] | 예측값: [2025-12-08 18:32:55] [-0.0039525107] | diff_abs: 0.0040, diff_pct: 0.40% | 정상
[2025-12-08 18:32:57] MFC7_DCS | 실제값: [2025-12-08 18:32:56] [0.0] | 예측값: [2025-12-08 18:32:56] [-0.0044443584] | diff_abs: 0.0044, diff_pct: 0.44% | 정상
[2025-12-08 18:32:57] MFC8_NH3 | 실제값: [2025-12-08 18:32:55] [4.492] | 예측값: [2025-12-08 18:32:55] [4.492225] | diff_abs: 0.0002, diff_pct: 0.01% | 정상
[2025-12-08 18:32:57] MFC8_NH3 | 실제값: [2025-12-08 18:32:56] [4.492] | 예측값: [2025-12-08 18:32:56] [4.486044] | diff_abs: 0.0060, diff_pct: 0.13% | 정상
[2025-12-08 18:32:57] MFC1_N2-1 | 실제값: [2025-12-08 18:32:55] [1.5] | 예측값: [2025-12-08 18:32:55] [1.4932508] | diff_abs: 0.0067, diff_pct: 0.45% | 정상
[2025-12-08 18:32:57] MFC1_N2-1 | 실제값: [2025-12-08 18:32:56] [1.5] | 예측값: [2025-12-08 18:32:56] [1.4924947] | diff_abs: 0.0075, diff_pct: 0.50% | 정상
[2025-12-08 18:32:57] MFC2_N2-2 | 실제값: [2025-12-08 18:32:55] [0.0] | 예측값: [2025-12-08 18:32:55] [0.010179907] | diff_abs: 0.0102, diff_pct: 1.02% | 정상
[2025-12-08 18:32:57] MFC2_N2-2 | 실제값: [2025-12-08 18:32:56] [0.0] | 예측값: [2025-12-08 18:32:56] [0.010346074] | diff_abs: 0.0103, diff_pct: 1.03% | 정상
[2025-12-08 18:32:57] MFC3_N2-3 | 실제값: [2025-12-08 18:32:55] [0.0] | 예측값: [2025-12-08 18:32:55] [0.0011977681] | diff_abs: 0.0012, diff_pct: 0.12% | 정상
[2025-12-08 18:32:57] MFC3_N2-3 | 실제값: [2025-12-08 18:32:56] [0.0] | 예측값: [2025-12-08 18:32:56] [0.0044642026] | diff_abs: 0.0045, diff_pct: 0.45% | 정상
[2025-12-08 18:32:57] MFC4_N2-4 | 실제값: [2025-12-08 18:32:55] [0.0] | 예측값: [2025-12-08 18:32:55] [0.0015057062] | diff_abs: 0.0015, diff_pct: 0.15% | 정상
[2025-12-08 18:32:57] MFC4_N2-4 | 실제값: [2025-12-08 18:32:56] [0.0] | 예측값: [2025-12-08 18:32:56] [-3.7699425e-05] | diff_abs: 0.0000, diff_pct: 0.00% | 정상
[2025-12-08 18:32:58] MFC7_DCS | 실제값: [2025-12-08 18:32:56] [0.0] | 예측값: [2025-12-08 18:32:56] [-0.0044443584] | diff_abs: 0.0044, diff_pct: 0.44% | 정상
[2025-12-08 18:32:58] MFC7_DCS | 실제값: [2025-12-08 18:32:57] [0.0] | 예측값: [2025-12-08 18:32:57] [-0.0043595415] | diff_abs: 0.0044, diff_pct: 0.44% | 정상
[2025-12-08 18:32:58] MFC8_NH3 | 실제값: [2025-12-08 18:32:56] [4.492] | 예측값: [2025-12-08 18:32:56] [4.486044] | diff_abs: 0.0060, diff_pct: 0.13% | 정상
[2025-12-08 18:32:58] MFC8_NH3 | 실제값: [2025-12-08 18:32:57] [4.492] | 예측값: [2025-12-08 18:32:57] [4.486125] | diff_abs: 0.0059, diff_pct: 0.13% | 정상
[2025-12-08 18:32:58] MFC1_N2-1 | 실제값: [2025-12-08 18:32:56] [1.5] | 예측값: [2025-12-08 18:32:56] [1.4924947] | diff_abs: 0.0075, diff_pct: 0.50% | 정상
[2025-12-08 18:32:58] MFC1_N2-1 | 실제값: [2025-12-08 18:32:57] [1.5] | 예측값: [2025-12-08 18:32:57] [1.4966027] | diff_abs: 0.0034, diff_pct: 0.23% | 정상
[2025-12-08 18:32:58] MFC2_N2-2 | 실제값: [2025-12-08 18:32:56] [0.0] | 예측값: [2025-12-08 18:32:56] [0.010346074] | diff_abs: 0.0103, diff_pct: 1.03% | 정상
[2025-12-08 18:32:58] MFC2_N2-2 | 실제값: [2025-12-08 18:32:57] [0.0] | 예측값: [2025-12-08 18:32:57] [0.0113754505] | diff_abs: 0.0114, diff_pct: 1.14% | 정상
[2025-12-08 18:32:58] MFC3_N2-3 | 실제값: [2025-12-08 18:32:56] [0.0] | 예측값: [2025-12-08 18:32:56] [0.0044642026] | diff_abs: 0.0045, diff_pct: 0.45% | 정상
[2025-12-08 18:32:58] MFC3_N2-3 | 실제값: [2025-12-08 18:32:57] [0.0] | 예측값: [2025-12-08 18:32:57] [0.004821842] | diff_abs: 0.0048, diff_pct: 0.48% | 정상
[2025-12-08 18:32:58] MFC4_N2-4 | 실제값: [2025-12-08 18:32:56] [0.0] | 예측값: [2025-12-08 18:32:56] [-3.7699425e-05] | diff_abs: 0.0000, diff_pct: 0.00% | 정상
[2025-12-08 18:32:58] MFC4_N2-4 | 실제값: [2025-12-08 18:32:57] [0.0] | 예측값: [2025-12-08 18:32:57] [1.0414131e-05] | diff_abs: 0.0000, diff_pct: 0.00% | 정상
